Component: ARM Compiler 5.06 update 6 (build 750) Tool: armlink [4d35ed]

==============================================================================

Section Cross References

    main.o(i.ChangePermission) refers to queue.o(i.xQueueSemaphoreTake) for xQueueSemaphoreTake
    main.o(i.ChangePermission) refers to main.o(.data) for PermissionSemaphore
    main.o(i.GPIOB_Handler) refers to queue.o(i.xQueueGenericSendFromISR) for xQueueGenericSendFromISR
    main.o(i.GPIOB_Handler) refers to queue.o(i.xQueueGiveFromISR) for xQueueGiveFromISR
    main.o(i.GPIOB_Handler) refers to main.o(.data) for xQueue
    main.o(i.GPIOF_Handler) refers to queue.o(i.xQueueGenericSendFromISR) for xQueueGenericSendFromISR
    main.o(i.GPIOF_Handler) refers to queue.o(i.xQueueGiveFromISR) for xQueueGiveFromISR
    main.o(i.GPIOF_Handler) refers to main.o(.data) for xQueue
    main.o(i.PortA_Init) refers to main.o(i.__NVIC_EnableIRQ) for __NVIC_EnableIRQ
    main.o(i.PortB_Init) refers to main.o(i.__NVIC_EnableIRQ) for __NVIC_EnableIRQ
    main.o(i.PortF_Init) refers to main.o(i.__NVIC_EnableIRQ) for __NVIC_EnableIRQ
    main.o(i.driver) refers to queue.o(i.xQueueSemaphoreTake) for xQueueSemaphoreTake
    main.o(i.driver) refers to queue.o(i.xQueueReceive) for xQueueReceive
    main.o(i.driver) refers to main.o(.data) for driverSemaphore
    main.o(i.main) refers to main.o(i.PortF_Init) for PortF_Init
    main.o(i.main) refers to queue.o(i.xQueueGenericCreate) for xQueueGenericCreate
    main.o(i.main) refers to queue.o(i.xQueueGenericSend) for xQueueGenericSend
    main.o(i.main) refers to tasks.o(i.xTaskCreate) for xTaskCreate
    main.o(i.main) refers to tasks.o(i.vTaskStartScheduler) for vTaskStartScheduler
    main.o(i.main) refers to main.o(.data) for driverSemaphore
    main.o(i.main) refers to main.o(i.passenger) for passenger
    main.o(i.main) refers to main.o(i.ChangePermission) for ChangePermission
    main.o(i.passenger) refers to queue.o(i.xQueueSemaphoreTake) for xQueueSemaphoreTake
    main.o(i.passenger) refers to queue.o(i.xQueueReceive) for xQueueReceive
    main.o(i.passenger) refers to main.o(.data) for passengerSemaphore
    main.o(i.vPeriodicTask) refers to tasks.o(i.vTaskDelay) for vTaskDelay
    motor_driver.o(i.DebouncingSwitch) refers to motor_driver.o(.data) for pressed
    motor_driver.o(i.Turn_OppositeDir) refers to motor_driver.o(i.Delay_ms) for Delay_ms
    motor_driver.o(i.Turn_OppositeDir) refers to motor_driver.o(.data) for pressed
    motor_driver.o(i.Turn_oneDirection) refers to motor_driver.o(i.Delay_ms) for Delay_ms
    motor_driver.o(i.Turn_oneDirection) refers to motor_driver.o(.data) for pressed
    startup_tm4c123.o(STACK) refers (Special) to heapauxi.o(.text) for __use_two_region_memory
    startup_tm4c123.o(HEAP) refers (Special) to heapauxi.o(.text) for __use_two_region_memory
    startup_tm4c123.o(RESET) refers (Special) to heapauxi.o(.text) for __use_two_region_memory
    startup_tm4c123.o(RESET) refers to startup_tm4c123.o(STACK) for __initial_sp
    startup_tm4c123.o(RESET) refers to startup_tm4c123.o(.text) for Reset_Handler
    startup_tm4c123.o(RESET) refers to port.o(.emb_text) for SVC_Handler
    startup_tm4c123.o(RESET) refers to port.o(i.SysTick_Handler) for SysTick_Handler
    startup_tm4c123.o(RESET) refers to main.o(i.GPIOB_Handler) for GPIOB_Handler
    startup_tm4c123.o(RESET) refers to main.o(i.GPIOF_Handler) for GPIOF_Handler
    startup_tm4c123.o(.text) refers (Special) to heapauxi.o(.text) for __use_two_region_memory
    startup_tm4c123.o(.text) refers to system_tm4c123.o(i.SystemInit) for SystemInit
    startup_tm4c123.o(.text) refers to __main.o(!!!main) for __main
    startup_tm4c123.o(.text) refers to startup_tm4c123.o(HEAP) for Heap_Mem
    startup_tm4c123.o(.text) refers to startup_tm4c123.o(STACK) for Stack_Mem
    system_tm4c123.o(i.SystemCoreClockUpdate) refers to system_tm4c123.o(i.getOscClk) for getOscClk
    system_tm4c123.o(i.SystemCoreClockUpdate) refers to system_tm4c123.o(.data) for SystemCoreClock
    heap_4.o(i.prvHeapInit) refers to heap_4.o(.bss) for ucHeap
    heap_4.o(i.prvHeapInit) refers to heap_4.o(.data) for xStart
    heap_4.o(i.prvInsertBlockIntoFreeList) refers to heap_4.o(.data) for xStart
    heap_4.o(i.pvPortCalloc) refers to heap_4.o(i.pvPortMalloc) for pvPortMalloc
    heap_4.o(i.pvPortCalloc) refers to rt_memclr.o(.text) for __aeabi_memclr
    heap_4.o(i.pvPortMalloc) refers to tasks.o(i.vTaskSuspendAll) for vTaskSuspendAll
    heap_4.o(i.pvPortMalloc) refers to heap_4.o(i.prvHeapInit) for prvHeapInit
    heap_4.o(i.pvPortMalloc) refers to heap_4.o(i.prvInsertBlockIntoFreeList) for prvInsertBlockIntoFreeList
    heap_4.o(i.pvPortMalloc) refers to tasks.o(i.xTaskResumeAll) for xTaskResumeAll
    heap_4.o(i.pvPortMalloc) refers to heap_4.o(.data) for pxEnd
    heap_4.o(i.vPortFree) refers to tasks.o(i.vTaskSuspendAll) for vTaskSuspendAll
[...]
    libinit.o(.ARM.Collect$$libinit$$00000000) refers (Special) to libinit2.o(.ARM.Collect$$libinit$$00000023) for __rt_lib_init_getenv_1
    libinit.o(.ARM.Collect$$libinit$$00000000) refers (Special) to libinit2.o(.ARM.Collect$$libinit$$0000000A) for __rt_lib_init_heap_1
    libinit.o(.ARM.Collect$$libinit$$00000000) refers (Special) to libinit2.o(.ARM.Collect$$libinit$$00000011) for __rt_lib_init_lc_collate_1
    libinit.o(.ARM.Collect$$libinit$$00000000) refers (Special) to libinit2.o(.ARM.Collect$$libinit$$00000013) for __rt_lib_init_lc_ctype_1
    libinit.o(.ARM.Collect$$libinit$$00000000) refers (Special) to libinit2.o(.ARM.Collect$$libinit$$00000015) for __rt_lib_init_lc_monetary_1
    libinit.o(.ARM.Collect$$libinit$$00000000) refers (Special) to libinit2.o(.ARM.Collect$$libinit$$00000017) for __rt_lib_init_lc_numeric_1
    libinit.o(.ARM.Collect$$libinit$$00000000) refers (Special) to libinit2.o(.ARM.Collect$$libinit$$00000019) for __rt_lib_init_lc_time_1
    libinit.o(.ARM.Collect$$libinit$$00000000) refers (Special) to libinit2.o(.ARM.Collect$$libinit$$00000004) for __rt_lib_init_preinit_1
    libinit.o(.ARM.Collect$$libinit$$00000000) refers (Special) to libinit2.o(.ARM.Collect$$libinit$$0000000E) for __rt_lib_init_rand_1
    libinit.o(.ARM.Collect$$libinit$$00000000) refers (Special) to libinit2.o(.ARM.Collect$$libinit$$00000033) for __rt_lib_init_return
    libinit.o(.ARM.Collect$$libinit$$00000000) refers (Special) to libinit2.o(.ARM.Collect$$libinit$$0000001D) for __rt_lib_init_signal_1
    libinit.o(.ARM.Collect$$libinit$$00000000) refers (Special) to libinit2.o(.ARM.Collect$$libinit$$00000025) for __rt_lib_init_stdio_1
    libinit.o(.ARM.Collect$$libinit$$00000000) refers (Special) to libinit2.o(.ARM.Collect$$libinit$$0000000C) for __rt_lib_init_user_alloc_1
    libspace.o(.text) refers to libspace.o(.bss) for __libspace_start
    rtexit.o(.ARM.Collect$$rtexit$$00000000) refers (Special) to rtexit2.o(.ARM.Collect$$rtexit$$00000004) for __rt_exit_exit
    rtexit.o(.ARM.Collect$$rtexit$$00000000) refers (Special) to rtexit2.o(.ARM.Collect$$rtexit$$00000003) for __rt_exit_ls
    rtexit.o(.ARM.Collect$$rtexit$$00000000) refers (Special) to rtexit2.o(.ARM.Collect$$rtexit$$00000002) for __rt_exit_prels_1
    rtexit.o(.ARM.exidx) refers (Special) to rtexit2.o(.ARM.Collect$$rtexit$$00000004) for __rt_exit_exit
    rtexit.o(.ARM.exidx) refers (Special) to rtexit2.o(.ARM.Collect$$rtexit$$00000003) for __rt_exit_ls
    rtexit.o(.ARM.exidx) refers (Special) to rtexit2.o(.ARM.Collect$$rtexit$$00000002) for __rt_exit_prels_1
    rtexit.o(.ARM.exidx) refers to rtexit.o(.ARM.Collect$$rtexit$$00000000) for .ARM.Collect$$rtexit$$00000000
    libinit2.o(.ARM.Collect$$libinit$$00000001) refers to fpinit.o(x$fpl$fpinit) for _fp_init
    libinit2.o(.ARM.Collect$$libinit$$00000010) refers to libinit2.o(.ARM.Collect$$libinit$$0000000F) for .ARM.Collect$$libinit$$0000000F
    libinit2.o(.ARM.Collect$$libinit$$00000012) refers to libinit2.o(.ARM.Collect$$libinit$$0000000F) for .ARM.Collect$$libinit$$0000000F
    libinit2.o(.ARM.Collect$$libinit$$00000014) refers to libinit2.o(.ARM.Collect$$libinit$$0000000F) for .ARM.Collect$$libinit$$0000000F
    libinit2.o(.ARM.Collect$$libinit$$00000016) refers to libinit2.o(.ARM.Collect$$libinit$$0000000F) for .ARM.Collect$$libinit$$0000000F
    libinit2.o(.ARM.Collect$$libinit$$00000018) refers to libinit2.o(.ARM.Collect$$libinit$$0000000F) for .ARM.Collect$$libinit$$0000000F
    libinit2.o(.ARM.Collect$$libinit$$00000026) refers to argv_veneer.o(.emb_text) for __ARM_argv_veneer
    libinit2.o(.ARM.Collect$$libinit$$00000027) refers to argv_veneer.o(.emb_text) for __ARM_argv_veneer
    rtexit2.o(.ARM.Collect$$rtexit$$00000003) refers to libshutdown.o(.ARM.Collect$$libshutdown$$00000000) for __rt_lib_shutdown
    rtexit2.o(.ARM.Collect$$rtexit$$00000004) refers to sys_exit.o(.text) for _sys_exit
    rtexit2.o(.ARM.exidx) refers to rtexit2.o(.ARM.Collect$$rtexit$$00000001) for .ARM.Collect$$rtexit$$00000001
    rtexit2.o(.ARM.exidx) refers to rtexit2.o(.ARM.Collect$$rtexit$$00000003) for .ARM.Collect$$rtexit$$00000003
    rtexit2.o(.ARM.exidx) refers to rtexit2.o(.ARM.Collect$$rtexit$$00000004) for .ARM.Collect$$rtexit$$00000004
    argv_veneer.o(.emb_text) refers to no_argv.o(.text) for __ARM_get_argv
    sys_exit.o(.text) refers (Special) to use_no_semi.o(.text) for __I$use$semihosting
    sys_exit.o(.text) refers (Special) to indicate_semi.o(.text) for __semihosting_library_function
    _get_argv_nomalloc.o(.text) refers (Special) to hrguard.o(.text) for __heap_region$guard
    _get_argv_nomalloc.o(.text) refers to defsig_rtmem_outer.o(.text) for __rt_SIGRTMEM
    _get_argv_nomalloc.o(.text) refers to sys_command.o(.text) for _sys_command_string
    libshutdown.o(.ARM.Collect$$libshutdown$$00000000) refers (Special) to libshutdown2.o(.ARM.Collect$$libshutdown$$00000002) for __rt_lib_shutdown_cpp_1
    libshutdown.o(.ARM.Collect$$libshutdown$$00000000) refers (Special) to libshutdown2.o(.ARM.Collect$$libshutdown$$00000007) for __rt_lib_shutdown_fp_trap_1
    libshutdown.o(.ARM.Collect$$libshutdown$$00000000) refers (Special) to libshutdown2.o(.ARM.Collect$$libshutdown$$0000000F) for __rt_lib_shutdown_heap_1
    libshutdown.o(.ARM.Collect$$libshutdown$$00000000) refers (Special) to libshutdown2.o(.ARM.Collect$$libshutdown$$00000010) for __rt_lib_shutdown_return
    libshutdown.o(.ARM.Collect$$libshutdown$$00000000) refers (Special) to libshutdown2.o(.ARM.Collect$$libshutdown$$0000000A) for __rt_lib_shutdown_signal_1
    libshutdown.o(.ARM.Collect$$libshutdown$$00000000) refers (Special) to libshutdown2.o(.ARM.Collect$$libshutdown$$00000004) for __rt_lib_shutdown_stdio_1
    libshutdown.o(.ARM.Collect$$libshutdown$$00000000) refers (Special) to libshutdown2.o(.ARM.Collect$$libshutdown$$0000000C) for __rt_lib_shutdown_user_alloc_1
    sys_command.o(.text) refers (Special) to use_no_semi.o(.text) for __I$use$semihosting
    sys_command.o(.text) refers (Special) to indicate_semi.o(.text) for __semihosting_library_function
    defsig_rtmem_outer.o(.text) refers to defsig_rtmem_inner.o(.text) for __rt_SIGRTMEM_inner
    defsig_rtmem_outer.o(.text) refers to defsig_exit.o(.text) for __sig_exit
    defsig_rtmem_formal.o(.text) refers to rt_raise.o(.text) for __rt_raise
    rt_raise.o(.text) refers to __raise.o(.text) for __raise
    rt_raise.o(.text) refers to sys_exit.o(.text) for _sys_exit
    defsig_exit.o(.text) refers to sys_exit.o(.text) for _sys_exit
    defsig_rtmem_inner.o(.text) refers to defsig_general.o(.text) for __default_signal_display
    __raise.o(.text) refers to defsig.o(CL$$defsig) for __default_signal_handler
    defsig_general.o(.text) refers to sys_wrch.o(.text) for _ttywrch
    sys_wrch.o(.text) refers (Special) to use_no_semi.o(.text) for __I$use$semihosting
    sys_wrch.o(.text) refers (Special) to indicate_semi.o(.text) for __semihosting_library_function
    defsig.o(CL$$defsig) refers to defsig_rtmem_inner.o(.text) for __rt_SIGRTMEM_inner
    defsig_abrt_inner.o(.text) refers to defsig_general.o(.text) for __default_signal_display
    defsig_fpe_inner.o(.text) refers to defsig_general.o(.text) for __default_signal_display
    defsig_rtred_inner.o(.text) refers to defsig_general.o(.text) for __default_signal_display
    defsig_stak_inner.o(.text) refers to defsig_general.o(.text) for __default_signal_display
    defsig_pvfn_inner.o(.text) refers to defsig_general.o(.text) for __default_signal_display
    defsig_cppl_inner.o(.text) refers to defsig_general.o(.text) for __default_signal_display
    defsig_segv_inner.o(.text) refers to defsig_general.o(.text) for __default_signal_display
    defsig_other.o(.text) refers to defsig_general.o(.text) for __default_signal_display


==============================================================================

Removing Unused input sections from the image.

    Removing main.o(.rev16_text), (4 bytes).
    Removing main.o(.revsh_text), (4 bytes).
    Removing main.o(.rrx_text), (6 bytes).
    Removing main.o(i.PortA_Init), (156 bytes).
    Removing main.o(i.PortB_Init), (148 bytes).
    Removing main.o(i.driver), (84 bytes).
    Removing main.o(i.vPeriodicTask), (36 bytes).
    Removing motor_driver.o(i.DebouncingSwitch), (24 bytes).
    Removing motor_driver.o(i.Delay_ms), (26 bytes).
    Removing motor_driver.o(i.Turn_OppositeDir), (108 bytes).
    Removing motor_driver.o(i.Turn_oneDirection), (112 bytes).
    Removing motor_driver.o(.data), (4 bytes).
    Removing system_tm4c123.o(.rev16_text), (4 bytes).
    Removing system_tm4c123.o(.revsh_text), (4 bytes).
    Removing system_tm4c123.o(.rrx_text), (6 bytes).
    Removing system_tm4c123.o(i.SystemCoreClockUpdate), (196 bytes).
    Removing system_tm4c123.o(i.getOscClk), (244 bytes).
    Removing freertos_evr.o(.rev16_text), (4 bytes).
    Removing freertos_evr.o(.revsh_text), (4 bytes).
    Removing freertos_evr.o(.rrx_text), (6 bytes).
    Removing list.o(.rev16_text), (4 bytes).
    Removing list.o(.revsh_text), (4 bytes).
    Removing list.o(.rrx_text), (6 bytes).
    Removing list.o(i.vListInsertEnd), (24 bytes).
    Removing heap_4.o(.rev16_text), (4 bytes).
    Removing heap_4.o(.revsh_text), (4 bytes).
    Removing heap_4.o(.rrx_text), (6 bytes).
    Removing heap_4.o(i.pvPortCalloc), (54 bytes).
    Removing heap_4.o(i.vPortGetHeapStats), (128 bytes).
    Removing heap_4.o(i.vPortInitialiseBlocks), (2 bytes).
    Removing heap_4.o(i.xPortGetFreeHeapSize), (12 bytes).
    Removing heap_4.o(i.xPortGetMinimumEverFreeHeapSize), (12 bytes).
    Removing queue.o(.rev16_text), (4 bytes).
    Removing queue.o(.revsh_text), (4 bytes).
    Removing queue.o(.rrx_text), (6 bytes).
    Removing queue.o(i.prvInitialiseMutex), (30 bytes).
    Removing queue.o(i.ucQueueGetQueueType), (8 bytes).
    Removing queue.o(i.uxQueueGetQueueNumber), (6 bytes).
    Removing queue.o(i.uxQueueMessagesWaiting), (42 bytes).
    Removing queue.o(i.uxQueueMessagesWaitingFromISR), (34 bytes).
    Removing queue.o(i.uxQueueSpacesAvailable), (48 bytes).
    Removing queue.o(i.vQueueDelete), (38 bytes).
    Removing queue.o(i.vQueueSetQueueNumber), (4 bytes).
    Removing queue.o(i.xQueueAddToSet), (38 bytes).
    Removing queue.o(i.xQueueCreateCountingSemaphore), (60 bytes).
    Removing queue.o(i.xQueueCreateMutex), (34 bytes).
    Removing queue.o(i.xQueueCreateSet), (20 bytes).
    Removing queue.o(i.xQueueGetMutexHolder), (52 bytes).
    Removing queue.o(i.xQueueGetMutexHolderFromISR), (38 bytes).
    Removing queue.o(i.xQueueGiveMutexRecursive), (72 bytes).
    Removing queue.o(i.xQueueIsQueueEmptyFromISR), (42 bytes).
    Removing queue.o(i.xQueueIsQueueFullFromISR), (46 bytes).
    Removing queue.o(i.xQueuePeek), (368 bytes).
    Removing queue.o(i.xQueuePeekFromISR), (176 bytes).
    Removing queue.o(i.xQueueReceiveFromISR), (252 bytes).
    Removing queue.o(i.xQueueRemoveFromSet), (48 bytes).
    Removing queue.o(i.xQueueSelectFromSet), (24 bytes).
    Removing queue.o(i.xQueueSelectFromSetFromISR), (22 bytes).
    Removing queue.o(i.xQueueTakeMutexRecursive), (78 bytes).
    Removing tasks.o(.rev16_text), (4 bytes).
    Removing tasks.o(.revsh_text), (4 bytes).
    Removing tasks.o(.rrx_text), (6 bytes).
    Removing tasks.o(i.eTaskGetState), (164 bytes).
    Removing tasks.o(i.pcTaskGetName), (48 bytes).
    Removing tasks.o(i.prvListTasksWithinSingleList), (106 bytes).
    Removing tasks.o(i.prvSearchForNameWithinSingleList), (176 bytes).
    Removing tasks.o(i.prvTaskCheckFreeStackSpace), (22 bytes).
    Removing tasks.o(i.prvTaskIsTaskSuspended), (88 bytes).
    Removing tasks.o(i.ulTaskGenericNotifyTake), (168 bytes).
    Removing tasks.o(i.ulTaskGenericNotifyValueClear), (64 bytes).
    Removing tasks.o(i.uxTaskGetStackHighWaterMark), (40 bytes).
    Removing tasks.o(i.uxTaskGetStackHighWaterMark2), (40 bytes).
    Removing tasks.o(i.uxTaskGetSystemState), (176 bytes).
    Removing tasks.o(i.uxTaskGetTaskNumber), (14 bytes).
    Removing tasks.o(i.uxTaskPriorityGet), (36 bytes).
    Removing tasks.o(i.uxTaskPriorityGetFromISR), (68 bytes).
    Removing tasks.o(i.uxTaskResetEventItemValue), (28 bytes).
    Removing tasks.o(i.vTaskDelay), (92 bytes).
    Removing tasks.o(i.vTaskDelete), (252 bytes).
    Removing tasks.o(i.vTaskEndScheduler), (36 bytes).
    Removing tasks.o(i.vTaskGenericNotifyGiveFromISR), (396 bytes).
    Removing tasks.o(i.vTaskGetInfo), (132 bytes).
    Removing tasks.o(i.vTaskPlaceOnUnorderedEventList), (144 bytes).
    Removing tasks.o(i.vTaskPrioritySet), (328 bytes).
    Removing tasks.o(i.vTaskRemoveFromUnorderedEventList), (276 bytes).
    Removing tasks.o(i.vTaskResume), (196 bytes).
    Removing tasks.o(i.vTaskSetTaskNumber), (8 bytes).
    Removing tasks.o(i.vTaskSetTimeOutState), (60 bytes).
    Removing tasks.o(i.vTaskSuspend), (256 bytes).
    Removing tasks.o(i.xTaskAbortDelay), (212 bytes).
    Removing tasks.o(i.xTaskCatchUpTicks), (80 bytes).
    Removing tasks.o(i.xTaskDelayUntil), (216 bytes).
    Removing tasks.o(i.xTaskGenericNotify), (468 bytes).
    Removing tasks.o(i.xTaskGenericNotifyFromISR), (548 bytes).
    Removing tasks.o(i.xTaskGenericNotifyStateClear), (96 bytes).
    Removing tasks.o(i.xTaskGenericNotifyWait), (204 bytes).
    Removing tasks.o(i.xTaskGetCurrentTaskHandle), (12 bytes).
    Removing tasks.o(i.xTaskGetHandle), (164 bytes).
    Removing tasks.o(i.xTaskGetIdleTaskHandle), (48 bytes).
    Removing tasks.o(i.xTaskGetTickCount), (12 bytes).
    Removing tasks.o(i.xTaskGetTickCountFromISR), (20 bytes).
    Removing tasks.o(i.xTaskResumeFromISR), (244 bytes).
    Removing port.o(.rev16_text), (4 bytes).
    Removing port.o(.revsh_text), (4 bytes).
    Removing port.o(.rrx_text), (6 bytes).
    Removing port.o(i.vPortEndScheduler), (48 bytes).

106 unused section(s) (total 8848 bytes) removed from the image.

==============================================================================

Image Symbol Table

    Local Symbols

    Symbol Name                              Value     Ov Type        Size  Object(Section)

    RESET                                    0x00000000   Section      620  startup_tm4c123.o(RESET)
    ../clib/angel/boardlib.s                 0x00000000   Number         0  boardshut.o ABSOLUTE
    ../clib/angel/boardlib.s                 0x00000000   Number         0  boardinit1.o ABSOLUTE
    ../clib/angel/boardlib.s                 0x00000000   Number         0  boardinit2.o ABSOLUTE
    ../clib/angel/boardlib.s                 0x00000000   Number         0  boardinit3.o ABSOLUTE
    ../clib/angel/handlers.s                 0x00000000   Number         0  __scatter_zi.o ABSOLUTE
    ../clib/angel/handlers.s                 0x00000000   Number         0  __scatter_copy.o ABSOLUTE
    ../clib/angel/kernel.s                   0x00000000   Number         0  __rtentry.o ABSOLUTE
    ../clib/angel/kernel.s                   0x00000000   Number         0  __rtentry2.o ABSOLUTE
    ../clib/angel/kernel.s                   0x00000000   Number         0  rtexit.o ABSOLUTE
    ../clib/angel/kernel.s                   0x00000000   Number         0  __rtentry4.o ABSOLUTE
    ../clib/angel/kernel.s                   0x00000000   Number         0  rtexit2.o ABSOLUTE
    ../clib/angel/rt.s                       0x00000000   Number         0  rt_raise.o ABSOLUTE
    ../clib/angel/scatter.s                  0x00000000   Number         0  __scatter.o ABSOLUTE
    ../clib/angel/startup.s                  0x00000000   Number         0  __main.o ABSOLUTE
    ../clib/angel/sys.s                      0x00000000   Number         0  use_no_semi.o ABSOLUTE
    ../clib/angel/sys.s                      0x00000000   Number         0  indicate_semi.o ABSOLUTE
    ../clib/angel/sys.s                      0x00000000   Number         0  sys_stackheap_outer.o ABSOLUTE
    ../clib/angel/sys.s                      0x00000000   Number         0  libspace.o ABSOLUTE
    ../clib/angel/sysapp.c                   0x00000000   Number         0  sys_command.o ABSOLUTE
    ../clib/angel/sysapp.c                   0x00000000   Number         0  sys_wrch.o ABSOLUTE
    ../clib/angel/sysapp.c                   0x00000000   Number         0  sys_exit.o ABSOLUTE
    ../clib/armsys.c                         0x00000000   Number         0  _get_argv_nomalloc.o ABSOLUTE
    ../clib/armsys.c                         0x00000000   Number         0  no_argv.o ABSOLUTE
    ../clib/armsys.c                         0x00000000   Number         0  argv_veneer.o ABSOLUTE
    ../clib/armsys.c                         0x00000000   Number         0  argv_veneer.o ABSOLUTE
    ../clib/heapalloc.c                      0x00000000   Number         0  hrguard.o ABSOLUTE
    ../clib/heapaux.c                        0x00000000   Number         0  heapauxi.o ABSOLUTE
    ../clib/libinit.s                        0x00000000   Number         0  libshutdown2.o ABSOLUTE
    ../clib/libinit.s                        0x00000000   Number         0  libinit2.o ABSOLUTE
    ../clib/libinit.s                        0x00000000   Number         0  libshutdown.o ABSOLUTE
    ../clib/libinit.s                        0x00000000   Number         0  libinit.o ABSOLUTE
    ../clib/memcpset.s                       0x00000000   Number         0  rt_memcpy_w.o ABSOLUTE
    ../clib/memcpset.s                       0x00000000   Number         0  rt_memcpy_v6.o ABSOLUTE
    ../clib/memcpset.s                       0x00000000   Number         0  rt_memclr_w.o ABSOLUTE
    ../clib/memcpset.s                       0x00000000   Number         0  rt_memclr.o ABSOLUTE
    ../clib/memcpset.s                       0x00000000   Number         0  aeabi_memset.o ABSOLUTE
    ../clib/signal.c                         0x00000000   Number         0  defsig_exit.o ABSOLUTE
    ../clib/signal.c                         0x00000000   Number         0  defsig_pvfn_inner.o ABSOLUTE
    ../clib/signal.c                         0x00000000   Number         0  defsig_rtmem_formal.o ABSOLUTE
    ../clib/signal.c                         0x00000000   Number         0  defsig_stak_inner.o ABSOLUTE
    ../clib/signal.c                         0x00000000   Number         0  defsig_other.o ABSOLUTE
    ../clib/signal.c                         0x00000000   Number         0  defsig_rtred_inner.o ABSOLUTE
    ../clib/signal.c                         0x00000000   Number         0  defsig_rtmem_inner.o ABSOLUTE
    ../clib/signal.c                         0x00000000   Number         0  defsig_rtmem_outer.o ABSOLUTE
    ../clib/signal.c                         0x00000000   Number         0  __raise.o ABSOLUTE
    ../clib/signal.c                         0x00000000   Number         0  defsig_general.o ABSOLUTE
    ../clib/signal.c                         0x00000000   Number         0  defsig_fpe_inner.o ABSOLUTE
    ../clib/signal.c                         0x00000000   Number         0  defsig_abrt_inner.o ABSOLUTE
    ../clib/signal.c                         0x00000000   Number         0  defsig_cppl_inner.o ABSOLUTE
    ../clib/signal.c                         0x00000000   Number         0  defsig_segv_inner.o ABSOLUTE
    ../clib/signal.s                         0x00000000   Number         0  defsig.o ABSOLUTE
    ../clib/stdlib.c                         0x00000000   Number         0  exit.o ABSOLUTE
    ../clib/string.c                         0x00000000   Number         0  strlen.o ABSOLUTE
    ../fplib/fpinit.s                        0x00000000   Number         0  fpinit.o ABSOLUTE
    C:/Users/Eldeeb/AppData/Local/Arm/Packs/ARM/CMSIS-FreeRTOS/10.5.1/CMSIS/RTOS2/FreeRTOS/Source/freertos_evr.c 0x00000000   Number         0  freertos_evr.o ABSOLUTE
    C:/Users/Eldeeb/AppData/Local/Arm/Packs/ARM/CMSIS-FreeRTOS/10.5.1/Source/list.c 0x00000000   Number         0  list.o ABSOLUTE
    C:/Users/Eldeeb/AppData/Local/Arm/Packs/ARM/CMSIS-FreeRTOS/10.5.1/Source/portable/MemMang/heap_4.c 0x00000000   Number         0  heap_4.o ABSOLUTE
    C:/Users/Eldeeb/AppData/Local/Arm/Packs/ARM/CMSIS-FreeRTOS/10.5.1/Source/portable/RVDS/ARM_CM4F/port.c 0x00000000   Number         0  port.o ABSOLUTE
    C:/Users/Eldeeb/AppData/Local/Arm/Packs/ARM/CMSIS-FreeRTOS/10.5.1/Source/queue.c 0x00000000   Number         0  queue.o ABSOLUTE
    C:/Users/Eldeeb/AppData/Local/Arm/Packs/ARM/CMSIS-FreeRTOS/10.5.1/Source/tasks.c 0x00000000   Number         0  tasks.o ABSOLUTE
    C:\Users\Eldeeb\AppData\Local\Arm\Packs\ARM\CMSIS-FreeRTOS\10.5.1\CMSIS\RTOS2\FreeRTOS\Source\freertos_evr.c 0x00000000   Number         0  freertos_evr.o ABSOLUTE
    C:\Users\Eldeeb\AppData\Local\Arm\Packs\ARM\CMSIS-FreeRTOS\10.5.1\Source\list.c 0x00000000   Number         0  list.o ABSOLUTE
    C:\Users\Eldeeb\AppData\Local\Arm\Packs\ARM\CMSIS-FreeRTOS\10.5.1\Source\portable\MemMang\heap_4.c 0x00000000   Number         0  heap_4.o ABSOLUTE
    C:\Users\Eldeeb\AppData\Local\Arm\Packs\ARM\CMSIS-FreeRTOS\10.5.1\Source\portable\RVDS\ARM_CM4F\port.c 0x00000000   Number         0  port.o ABSOLUTE
    C:\Users\Eldeeb\AppData\Local\Arm\Packs\ARM\CMSIS-FreeRTOS\10.5.1\Source\queue.c 0x00000000   Number         0  queue.o ABSOLUTE
    C:\Users\Eldeeb\AppData\Local\Arm\Packs\ARM\CMSIS-FreeRTOS\10.5.1\Source\tasks.c 0x00000000   Number         0  tasks.o ABSOLUTE
    RTE/Device/TM4C123GH6PM/startup_TM4C123.s 0x00000000   Number         0  startup_tm4c123.o ABSOLUTE
    RTE/Device/TM4C123GH6PM/system_TM4C123.c 0x00000000   Number         0  system_tm4c123.o ABSOLUTE
    RTE\Device\TM4C123GH6PM\system_TM4C123.c 0x00000000   Number         0  system_tm4c123.o ABSOLUTE
    dc.s                                     0x00000000   Number         0  dc.o ABSOLUTE
    main.c                                   0x00000000   Number         0  main.o ABSOLUTE
    main.c                                   0x00000000   Number         0  main.o ABSOLUTE
    motor_driver.c                           0x00000000   Number         0  motor_driver.o ABSOLUTE
    !!!main                                  0x0000026c   Section        8  __main.o(!!!main)
    !!!scatter                               0x00000274   Section       52  __scatter.o(!!!scatter)
    !!handler_copy                           0x000002a8   Section       26  __scatter_copy.o(!!handler_copy)
    !!handler_zi                             0x000002c4   Section       28  __scatter_zi.o(!!handler_zi)
    .ARM.Collect$$libinit$$00000000          0x000002e0   Section        2  libinit.o(.ARM.Collect$$libinit$$00000000)
    .ARM.Collect$$libinit$$00000001          0x000002e2   Section        4  libinit2.o(.ARM.Collect$$libinit$$00000001)
    .ARM.Collect$$libinit$$00000004          0x000002e6   Section        0  libinit2.o(.ARM.Collect$$libinit$$00000004)
    .ARM.Collect$$libinit$$0000000A          0x000002e6   Section        0  libinit2.o(.ARM.Collect$$libinit$$0000000A)
    .ARM.Collect$$libinit$$0000000C          0x000002e6   Section        0  libinit2.o(.ARM.Collect$$libinit$$0000000C)
    .ARM.Collect$$libinit$$0000000E          0x000002e6   Section        0  libinit2.o(.ARM.Collect$$libinit$$0000000E)
    .ARM.Collect$$libinit$$00000011          0x000002e6   Section        0  libinit2.o(.ARM.Collect$$libinit$$00000011)
    .ARM.Collect$$libinit$$00000013          0x000002e6   Section        0  libinit2.o(.ARM.Collect$$libinit$$00000013)
    .ARM.Collect$$libinit$$00000015          0x000002e6   Section        0  libinit2.o(.ARM.Collect$$libinit$$00000015)
    .ARM.Collect$$libinit$$00000017          0x000002e6   Section        0  libinit2.o(.ARM.Collect$$libinit$$00000017)
    .ARM.Collect$$libinit$$00000019          0x000002e6   Section        0  libinit2.o(.ARM.Collect$$libinit$$00000019)
    .ARM.Collect$$libinit$$0000001B          0x000002e6   Section        0  libinit2.o(.ARM.Collect$$libinit$$0000001B)
    .ARM.Collect$$libinit$$0000001D          0x000002e6   Section        0  libinit2.o(.ARM.Collect$$libinit$$0000001D)
    .ARM.Collect$$libinit$$0000001F          0x000002e6   Section        0  libinit2.o(.ARM.Collect$$libinit$$0000001F)
    .ARM.Collect$$libinit$$00000021          0x000002e6   Section        0  libinit2.o(.ARM.Collect$$libinit$$00000021)
    .ARM.Collect$$libinit$$00000023          0x000002e6   Section        0  libinit2.o(.ARM.Collect$$libinit$$00000023)
    .ARM.Collect$$libinit$$00000025          0x000002e6   Section        0  libinit2.o(.ARM.Collect$$libinit$$00000025)
    .ARM.Collect$$libinit$$0000002C          0x000002e6   Section        0  libinit2.o(.ARM.Collect$$libinit$$0000002C)
    .ARM.Collect$$libinit$$0000002E          0x000002e6   Section        0  libinit2.o(.ARM.Collect$$libinit$$0000002E)
    .ARM.Collect$$libinit$$00000030          0x000002e6   Section        0  libinit2.o(.ARM.Collect$$libinit$$00000030)
    .ARM.Collect$$libinit$$00000032          0x000002e6   Section        0  libinit2.o(.ARM.Collect$$libinit$$00000032)
    .ARM.Collect$$libinit$$00000033          0x000002e6   Section        2  libinit2.o(.ARM.Collect$$libinit$$00000033)
    .ARM.Collect$$libshutdown$$00000000      0x000002e8   Section        2  libshutdown.o(.ARM.Collect$$libshutdown$$00000000)
    .ARM.Collect$$libshutdown$$00000002      0x000002ea   Section        0  libshutdown2.o(.ARM.Collect$$libshutdown$$00000002)
    .ARM.Collect$$libshutdown$$00000004      0x000002ea   Section        0  libshutdown2.o(.ARM.Collect$$libshutdown$$00000004)
    .ARM.Collect$$libshutdown$$00000007      0x000002ea   Section        0  libshutdown2.o(.ARM.Collect$$libshutdown$$00000007)
    .ARM.Collect$$libshutdown$$0000000A      0x000002ea   Section        0  libshutdown2.o(.ARM.Collect$$libshutdown$$0000000A)
    .ARM.Collect$$libshutdown$$0000000C      0x000002ea   Section        0  libshutdown2.o(.ARM.Collect$$libshutdown$$0000000C)
    .ARM.Collect$$libshutdown$$0000000F      0x000002ea   Section        0  libshutdown2.o(.ARM.Collect$$libshutdown$$0000000F)
    .ARM.Collect$$libshutdown$$00000010      0x000002ea   Section        2  libshutdown2.o(.ARM.Collect$$libshutdown$$00000010)
    .ARM.Collect$$rtentry$$00000000          0x000002ec   Section        0  __rtentry.o(.ARM.Collect$$rtentry$$00000000)
    .ARM.Collect$$rtentry$$00000002          0x000002ec   Section        0  __rtentry2.o(.ARM.Collect$$rtentry$$00000002)
    .ARM.Collect$$rtentry$$00000004          0x000002ec   Section        6  __rtentry4.o(.ARM.Collect$$rtentry$$00000004)
    .ARM.Collect$$rtentry$$00000009          0x000002f2   Section        0  __rtentry2.o(.ARM.Collect$$rtentry$$00000009)
    .ARM.Collect$$rtentry$$0000000A          0x000002f2   Section        4  __rtentry2.o(.ARM.Collect$$rtentry$$0000000A)
    .ARM.Collect$$rtentry$$0000000C          0x000002f6   Section        0  __rtentry2.o(.ARM.Collect$$rtentry$$0000000C)
    .ARM.Collect$$rtentry$$0000000D          0x000002f6   Section        8  __rtentry2.o(.ARM.Collect$$rtentry$$0000000D)
    .ARM.Collect$$rtexit$$00000000           0x000002fe   Section        2  rtexit.o(.ARM.Collect$$rtexit$$00000000)
    .ARM.Collect$$rtexit$$00000002           0x00000300   Section        0  rtexit2.o(.ARM.Collect$$rtexit$$00000002)
    .ARM.Collect$$rtexit$$00000003           0x00000300   Section        4  rtexit2.o(.ARM.Collect$$rtexit$$00000003)
    .ARM.Collect$$rtexit$$00000004           0x00000304   Section        6  rtexit2.o(.ARM.Collect$$rtexit$$00000004)
    .emb_text                                0x0000030c   Section      190  port.o(.emb_text)
    $v0                                      0x0000030c   Number         0  port.o(.emb_text)
    .text                                    0x000003cc   Section      276  startup_tm4c123.o(.text)
    $v0                                      0x000003cc   Number         0  startup_tm4c123.o(.text)
    .text                                    0x000004e0   Section      138  rt_memcpy_v6.o(.text)
    .text                                    0x0000056a   Section       16  aeabi_memset.o(.text)
    .text                                    0x0000057a   Section       68  rt_memclr.o(.text)
    .text                                    0x000005be   Section       78  rt_memclr_w.o(.text)
    .text                                    0x0000060c   Section        0  heapauxi.o(.text)
    .text                                    0x00000612   Section      100  rt_memcpy_w.o(.text)
    .text                                    0x00000676   Section       74  sys_stackheap_outer.o(.text)
    .text                                    0x000006c0   Section        0  exit.o(.text)
    .text                                    0x000006d4   Section        8  libspace.o(.text)
    .text                                    0x000006dc   Section        0  sys_exit.o(.text)
    .text                                    0x000006e8   Section        2  use_no_semi.o(.text)
    .text                                    0x000006ea   Section        0  indicate_semi.o(.text)
    i.ChangePermission                       0x000006ec   Section        0  main.o(i.ChangePermission)
    i.GPIOB_Handler                          0x00000738   Section        0  main.o(i.GPIOB_Handler)
    i.GPIOF_Handler                          0x000008ec   Section        0  main.o(i.GPIOF_Handler)
    i.PortF_Init                             0x0000098c   Section        0  main.o(i.PortF_Init)
    i.SysTick_Handler                        0x00000a28   Section        0  port.o(i.SysTick_Handler)
    i.SystemInit                             0x00000a5c   Section        0  system_tm4c123.o(i.SystemInit)
    i.__NVIC_EnableIRQ                       0x00000af4   Section        0  main.o(i.__NVIC_EnableIRQ)
    __NVIC_EnableIRQ                         0x00000af5   Thumb Code    34  main.o(i.__NVIC_EnableIRQ)
    i.eTaskConfirmSleepModeStatus            0x00000b18   Section        0  tasks.o(i.eTaskConfirmSleepModeStatus)
    i.main                                   0x00000b60   Section        0  main.o(i.main)
    i.passenger                              0x00000c60   Section        0  main.o(i.passenger)
    i.prvAddCurrentTaskToDelayedList         0x00000cc0   Section        0  tasks.o(i.prvAddCurrentTaskToDelayedList)
    prvAddCurrentTaskToDelayedList           0x00000cc1   Thumb Code   174  tasks.o(i.prvAddCurrentTaskToDelayedList)
    i.prvAddNewTaskToReadyList               0x00000d8c   Section        0  tasks.o(i.prvAddNewTaskToReadyList)
    prvAddNewTaskToReadyList                 0x00000d8d   Thumb Code   206  tasks.o(i.prvAddNewTaskToReadyList)
    i.prvCheckTasksWaitingTermination        0x00000e78   Section        0  tasks.o(i.prvCheckTasksWaitingTermination)
    prvCheckTasksWaitingTermination          0x00000e79   Thumb Code    60  tasks.o(i.prvCheckTasksWaitingTermination)
    i.prvCopyDataFromQueue                   0x00000ec0   Section        0  queue.o(i.prvCopyDataFromQueue)
    prvCopyDataFromQueue                     0x00000ec1   Thumb Code    42  queue.o(i.prvCopyDataFromQueue)
    i.prvCopyDataToQueue                     0x00000eea   Section        0  queue.o(i.prvCopyDataToQueue)
    prvCopyDataToQueue                       0x00000eeb   Thumb Code   126  queue.o(i.prvCopyDataToQueue)
    i.prvDeleteTCB                           0x00000f68   Section        0  tasks.o(i.prvDeleteTCB)
    prvDeleteTCB                             0x00000f69   Thumb Code    18  tasks.o(i.prvDeleteTCB)
    i.prvGetDisinheritPriorityAfterTimeout   0x00000f7a   Section        0  queue.o(i.prvGetDisinheritPriorityAfterTimeout)
    prvGetDisinheritPriorityAfterTimeout     0x00000f7b   Thumb Code    20  queue.o(i.prvGetDisinheritPriorityAfterTimeout)
    i.prvGetExpectedIdleTime                 0x00000f90   Section        0  tasks.o(i.prvGetExpectedIdleTime)
    prvGetExpectedIdleTime                   0x00000f91   Thumb Code    56  tasks.o(i.prvGetExpectedIdleTime)
    i.prvHeapInit                            0x00000fdc   Section        0  heap_4.o(i.prvHeapInit)
    prvHeapInit                              0x00000fdd   Thumb Code    90  heap_4.o(i.prvHeapInit)
    i.prvIdleTask                            0x0000104c   Section        0  tasks.o(i.prvIdleTask)
    prvIdleTask                              0x0000104d   Thumb Code   108  tasks.o(i.prvIdleTask)
    i.prvInitialiseNewQueue                  0x000010c8   Section        0  queue.o(i.prvInitialiseNewQueue)
    prvInitialiseNewQueue                    0x000010c9   Thumb Code    46  queue.o(i.prvInitialiseNewQueue)
    i.prvInitialiseNewTask                   0x000010f6   Section        0  tasks.o(i.prvInitialiseNewTask)
    prvInitialiseNewTask                     0x000010f7   Thumb Code   204  tasks.o(i.prvInitialiseNewTask)
    i.prvInitialiseTaskLists                 0x000011c4   Section        0  tasks.o(i.prvInitialiseTaskLists)
    prvInitialiseTaskLists                   0x000011c5   Thumb Code    70  tasks.o(i.prvInitialiseTaskLists)
    i.prvInsertBlockIntoFreeList             0x0000122c   Section        0  heap_4.o(i.prvInsertBlockIntoFreeList)
    prvInsertBlockIntoFreeList               0x0000122d   Thumb Code    96  heap_4.o(i.prvInsertBlockIntoFreeList)
    i.prvIsQueueEmpty                        0x00001294   Section        0  queue.o(i.prvIsQueueEmpty)
    prvIsQueueEmpty                          0x00001295   Thumb Code    26  queue.o(i.prvIsQueueEmpty)
    i.prvIsQueueFull                         0x000012ae   Section        0  queue.o(i.prvIsQueueFull)
    prvIsQueueFull                           0x000012af   Thumb Code    30  queue.o(i.prvIsQueueFull)
    i.prvNotifyQueueSetContainer             0x000012cc   Section        0  queue.o(i.prvNotifyQueueSetContainer)
    prvNotifyQueueSetContainer               0x000012cd   Thumb Code   184  queue.o(i.prvNotifyQueueSetContainer)
    i.prvResetNextTaskUnblockTime            0x00001384   Section        0  tasks.o(i.prvResetNextTaskUnblockTime)
    prvResetNextTaskUnblockTime              0x00001385   Thumb Code    40  tasks.o(i.prvResetNextTaskUnblockTime)
    i.prvTaskExitError                       0x000013b4   Section        0  port.o(i.prvTaskExitError)
    prvTaskExitError                         0x000013b5   Thumb Code    60  port.o(i.prvTaskExitError)
    i.prvUnlockQueue                         0x000013f4   Section        0  queue.o(i.prvUnlockQueue)
    prvUnlockQueue                           0x000013f5   Thumb Code   144  queue.o(i.prvUnlockQueue)
    i.pvPortMalloc                           0x00001484   Section        0  heap_4.o(i.pvPortMalloc)
    i.pvTaskIncrementMutexHeldCount          0x000015b0   Section        0  tasks.o(i.pvTaskIncrementMutexHeldCount)
    i.pxPortInitialiseStack                  0x000015d0   Section        0  port.o(i.pxPortInitialiseStack)
    i.uxListRemove                           0x000015fc   Section        0  list.o(i.uxListRemove)
    i.uxTaskGetNumberOfTasks                 0x00001624   Section        0  tasks.o(i.uxTaskGetNumberOfTasks)
    i.vListInitialise                        0x00001630   Section        0  list.o(i.vListInitialise)
    i.vListInitialiseItem                    0x0000164a   Section        0  list.o(i.vListInitialiseItem)
    i.vListInsert                            0x00001650   Section        0  list.o(i.vListInsert)
    i.vPortEnterCritical                     0x00001684   Section        0  port.o(i.vPortEnterCritical)
    i.vPortExitCritical                      0x000016d8   Section        0  port.o(i.vPortExitCritical)
    i.vPortFree                              0x00001714   Section        0  heap_4.o(i.vPortFree)
    i.vPortSetupTimerInterrupt               0x000017a0   Section        0  port.o(i.vPortSetupTimerInterrupt)
    i.vPortSuppressTicksAndSleep             0x00001808   Section        0  port.o(i.vPortSuppressTicksAndSleep)
    i.vPortValidateInterruptPriority         0x0000194c   Section        0  port.o(i.vPortValidateInterruptPriority)
    i.vTaskInternalSetTimeOutState           0x000019c4   Section        0  tasks.o(i.vTaskInternalSetTimeOutState)
    i.vTaskMissedYield                       0x000019dc   Section        0  tasks.o(i.vTaskMissedYield)
    i.vTaskPlaceOnEventList                  0x000019e8   Section        0  tasks.o(i.vTaskPlaceOnEventList)
    i.vTaskPriorityDisinheritAfterTimeout    0x00001a20   Section        0  tasks.o(i.vTaskPriorityDisinheritAfterTimeout)
    i.vTaskStartScheduler                    0x00001b38   Section        0  tasks.o(i.vTaskStartScheduler)
    i.vTaskStepTick                          0x00001bcc   Section        0  tasks.o(i.vTaskStepTick)
    i.vTaskSuspendAll                        0x00001c78   Section        0  tasks.o(i.vTaskSuspendAll)
    i.vTaskSwitchContext                     0x00001c88   Section        0  tasks.o(i.vTaskSwitchContext)
    i.xPortStartScheduler                    0x00001d14   Section        0  port.o(i.xPortStartScheduler)
    i.xQueueGenericCreate                    0x00001ea4   Section        0  queue.o(i.xQueueGenericCreate)
    i.xQueueGenericReset                     0x00001f0c   Section        0  queue.o(i.xQueueGenericReset)
    i.xQueueGenericSend                      0x00001fe8   Section        0  queue.o(i.xQueueGenericSend)
    i.xQueueGenericSendFromISR               0x000021c0   Section        0  queue.o(i.xQueueGenericSendFromISR)
    i.xQueueGiveFromISR                      0x00002304   Section        0  queue.o(i.xQueueGiveFromISR)
    i.xQueueReceive                          0x00002424   Section        0  queue.o(i.xQueueReceive)
    i.xQueueSemaphoreTake                    0x0000258c   Section        0  queue.o(i.xQueueSemaphoreTake)
    i.xTaskCheckForTimeOut                   0x00002720   Section        0  tasks.o(i.xTaskCheckForTimeOut)
    i.xTaskCreate                            0x000027cc   Section        0  tasks.o(i.xTaskCreate)
    i.xTaskGetSchedulerState                 0x00002834   Section        0  tasks.o(i.xTaskGetSchedulerState)
    i.xTaskIncrementTick                     0x00002854   Section        0  tasks.o(i.xTaskIncrementTick)
    i.xTaskPriorityDisinherit                0x00002a10   Section        0  tasks.o(i.xTaskPriorityDisinherit)
    i.xTaskPriorityInherit                   0x00002b00   Section        0  tasks.o(i.xTaskPriorityInherit)
    i.xTaskRemoveFromEventList               0x00002bec   Section        0  tasks.o(i.xTaskRemoveFromEventList)
    i.xTaskResumeAll                         0x00002d10   Section        0  tasks.o(i.xTaskResumeAll)
    x$fpl$fpinit                             0x00002e88   Section       10  fpinit.o(x$fpl$fpinit)
    $v0                                      0x00002e88   Number         0  fpinit.o(x$fpl$fpinit)
    .data                                    0x20000000   Section       24  main.o(.data)
    .data                                    0x20000018   Section        4  system_tm4c123.o(.data)
    .data                                    0x2000001c   Section       28  heap_4.o(.data)
    xStart                                   0x2000001c   Data           8  heap_4.o(.data)
    pxEnd                                    0x20000024   Data           4  heap_4.o(.data)
    xFreeBytesRemaining                      0x20000028   Data           4  heap_4.o(.data)
    xMinimumEverFreeBytesRemaining           0x2000002c   Data           4  heap_4.o(.data)
    xNumberOfSuccessfulAllocations           0x20000030   Data           4  heap_4.o(.data)
    xNumberOfSuccessfulFrees                 0x20000034   Data           4  heap_4.o(.data)
    .data                                    0x20000038   Section       64  tasks.o(.data)
    pxDelayedTaskList                        0x2000003c   Data           4  tasks.o(.data)
    pxOverflowDelayedTaskList                0x20000040   Data           4  tasks.o(.data)
    uxDeletedTasksWaitingCleanUp             0x20000044   Data           4  tasks.o(.data)
    uxCurrentNumberOfTasks                   0x20000048   Data           4  tasks.o(.data)
    xTickCount                               0x2000004c   Data           4  tasks.o(.data)
    uxTopReadyPriority                       0x20000050   Data           4  tasks.o(.data)
    xSchedulerRunning                        0x20000054   Data           4  tasks.o(.data)
    xPendedTicks                             0x20000058   Data           4  tasks.o(.data)
    xYieldPending                            0x2000005c   Data           4  tasks.o(.data)
    xNumOfOverflows                          0x20000060   Data           4  tasks.o(.data)
    uxTaskNumber                             0x20000064   Data           4  tasks.o(.data)
    xNextTaskUnblockTime                     0x20000068   Data           4  tasks.o(.data)
    xIdleTaskHandle                          0x2000006c   Data           4  tasks.o(.data)
    uxSchedulerSuspended                     0x20000074   Data           4  tasks.o(.data)
    .data                                    0x20000078   Section       24  port.o(.data)
    uxCriticalNesting                        0x20000078   Data           4  port.o(.data)
    ulTimerCountsForOneTick                  0x2000007c   Data           4  port.o(.data)
    xMaximumPossibleSuppressedTicks          0x20000080   Data           4  port.o(.data)
    ulStoppedTimerCompensation               0x20000084   Data           4  port.o(.data)
    ucMaxSysCallPriority                     0x20000088   Data           1  port.o(.data)
    ulMaxPRIGROUPValue                       0x2000008c   Data           4  port.o(.data)
    .bss                                     0x20000090   Section     8192  heap_4.o(.bss)
    ucHeap                                   0x20000090   Data        8192  heap_4.o(.bss)
    .bss                                     0x20002090   Section      200  tasks.o(.bss)
    pxReadyTasksLists                        0x20002090   Data         100  tasks.o(.bss)
    xDelayedTaskList1                        0x200020f4   Data          20  tasks.o(.bss)
    xDelayedTaskList2                        0x20002108   Data          20  tasks.o(.bss)
    xPendingReadyList                        0x2000211c   Data          20  tasks.o(.bss)
    xTasksWaitingTermination                 0x20002130   Data          20  tasks.o(.bss)
    xSuspendedTaskList                       0x20002144   Data          20  tasks.o(.bss)
    .bss                                     0x20002158   Section       96  libspace.o(.bss)
    HEAP                                     0x200021b8   Section        0  startup_tm4c123.o(HEAP)
    STACK                                    0x200021b8   Section      512  startup_tm4c123.o(STACK)
    Heap_Mem                                 0x200021b8   Data           0  startup_tm4c123.o(HEAP)
    Stack_Mem                                0x200021b8   Data         512  startup_tm4c123.o(STACK)
    __initial_sp                             0x200023b8   Data           0  startup_tm4c123.o(STACK)

    Global Symbols

    Symbol Name                              Value     Ov Type        Size  Object(Section)

    BuildAttributes$$THM_ISAv4$E$P$D$K$B$S$7EM$VFPi3$EXTD16$VFPS$VFMA$PE$A:L22UL41UL21$X:L11$S22US41US21$IEEE1$IW$USESV6$~STKCKD$USESV7$~SHL$OSPACE$ROPI$EBA8$UX$STANDARDLIB$REQ8$PRES8$EABIv2 0x00000000   Number         0  anon$$obj.o ABSOLUTE
    __ARM_use_no_argv                        0x00000000   Number         0  main.o ABSOLUTE
    __Vectors                                0x00000000   Data           4  startup_tm4c123.o(RESET)
    __ARM_exceptions_init                     - Undefined Weak Reference
    __alloca_initialize                       - Undefined Weak Reference
    __arm_preinit_                            - Undefined Weak Reference
    __cpp_initialize__aeabi_                  - Undefined Weak Reference
    __cxa_finalize                            - Undefined Weak Reference
    __rt_locale                               - Undefined Weak Reference
    __sigvec_lookup                           - Undefined Weak Reference
    _atexit_init                              - Undefined Weak Reference
    _call_atexit_fns                          - Undefined Weak Reference
    _clock_init                               - Undefined Weak Reference
    _fp_trap_init                             - Undefined Weak Reference
    _fp_trap_shutdown                         - Undefined Weak Reference
    _get_lc_collate                           - Undefined Weak Reference
    _get_lc_ctype                             - Undefined Weak Reference
    _get_lc_monetary                          - Undefined Weak Reference
    _get_lc_numeric                           - Undefined Weak Reference
    _get_lc_time                              - Undefined Weak Reference
    _getenv_init                              - Undefined Weak Reference
    _handle_redirection                       - Undefined Weak Reference
    _init_alloc                               - Undefined Weak Reference
    _init_user_alloc                          - Undefined Weak Reference
    _initio                                   - Undefined Weak Reference
    _rand_init                                - Undefined Weak Reference
    _signal_finish                            - Undefined Weak Reference
    _signal_init                              - Undefined Weak Reference
    _terminate_alloc                          - Undefined Weak Reference
    _terminate_user_alloc                     - Undefined Weak Reference
    _terminateio                              - Undefined Weak Reference
    __Vectors_End                            0x0000026c   Data           0  startup_tm4c123.o(RESET)
    __Vectors_Size                           0x0000026c   Number         0  startup_tm4c123.o ABSOLUTE
    __main                                   0x0000026d   Thumb Code     8  __main.o(!!!main)
    __scatterload                            0x00000275   Thumb Code     0  __scatter.o(!!!scatter)
    __scatterload_rt2                        0x00000275   Thumb Code    44  __scatter.o(!!!scatter)
    __scatterload_rt2_thumb_only             0x00000275   Thumb Code     0  __scatter.o(!!!scatter)
    __scatterload_null                       0x00000283   Thumb Code     0  __scatter.o(!!!scatter)
    __scatterload_copy                       0x000002a9   Thumb Code    26  __scatter_copy.o(!!handler_copy)
    __scatterload_zeroinit                   0x000002c5   Thumb Code    28  __scatter_zi.o(!!handler_zi)
    __rt_lib_init                            0x000002e1   Thumb Code     0  libinit.o(.ARM.Collect$$libinit$$00000000)
    __rt_lib_init_fp_1                       0x000002e3   Thumb Code     0  libinit2.o(.ARM.Collect$$libinit$$00000001)
    __rt_lib_init_alloca_1                   0x000002e7   Thumb Code     0  libinit2.o(.ARM.Collect$$libinit$$0000002E)
    __rt_lib_init_argv_1                     0x000002e7   Thumb Code     0  libinit2.o(.ARM.Collect$$libinit$$0000002C)
    __rt_lib_init_atexit_1                   0x000002e7   Thumb Code     0  libinit2.o(.ARM.Collect$$libinit$$0000001B)
    __rt_lib_init_clock_1                    0x000002e7   Thumb Code     0  libinit2.o(.ARM.Collect$$libinit$$00000021)
    __rt_lib_init_cpp_1                      0x000002e7   Thumb Code     0  libinit2.o(.ARM.Collect$$libinit$$00000032)
    __rt_lib_init_exceptions_1               0x000002e7   Thumb Code     0  libinit2.o(.ARM.Collect$$libinit$$00000030)
    __rt_lib_init_fp_trap_1                  0x000002e7   Thumb Code     0  libinit2.o(.ARM.Collect$$libinit$$0000001F)
    __rt_lib_init_getenv_1                   0x000002e7   Thumb Code     0  libinit2.o(.ARM.Collect$$libinit$$00000023)
    __rt_lib_init_heap_1                     0x000002e7   Thumb Code     0  libinit2.o(.ARM.Collect$$libinit$$0000000A)
    __rt_lib_init_lc_collate_1               0x000002e7   Thumb Code     0  libinit2.o(.ARM.Collect$$libinit$$00000011)
    __rt_lib_init_lc_ctype_1                 0x000002e7   Thumb Code     0  libinit2.o(.ARM.Collect$$libinit$$00000013)
    __rt_lib_init_lc_monetary_1              0x000002e7   Thumb Code     0  libinit2.o(.ARM.Collect$$libinit$$00000015)
    __rt_lib_init_lc_numeric_1               0x000002e7   Thumb Code     0  libinit2.o(.ARM.Collect$$libinit$$00000017)
    __rt_lib_init_lc_time_1                  0x000002e7   Thumb Code     0  libinit2.o(.ARM.Collect$$libinit$$00000019)
    __rt_lib_init_preinit_1                  0x000002e7   Thumb Code     0  libinit2.o(.ARM.Collect$$libinit$$00000004)
    __rt_lib_init_rand_1                     0x000002e7   Thumb Code     0  libinit2.o(.ARM.Collect$$libinit$$0000000E)
    __rt_lib_init_return                     0x000002e7   Thumb Code     0  libinit2.o(.ARM.Collect$$libinit$$00000033)
    __rt_lib_init_signal_1                   0x000002e7   Thumb Code     0  libinit2.o(.ARM.Collect$$libinit$$0000001D)
    __rt_lib_init_stdio_1                    0x000002e7   Thumb Code     0  libinit2.o(.ARM.Collect$$libinit$$00000025)
    __rt_lib_init_user_alloc_1               0x000002e7   Thumb Code     0  libinit2.o(.ARM.Collect$$libinit$$0000000C)
    __rt_lib_shutdown                        0x000002e9   Thumb Code     0  libshutdown.o(.ARM.Collect$$libshutdown$$00000000)
    __rt_lib_shutdown_cpp_1                  0x000002eb   Thumb Code     0  libshutdown2.o(.ARM.Collect$$libshutdown$$00000002)
    __rt_lib_shutdown_fp_trap_1              0x000002eb   Thumb Code     0  libshutdown2.o(.ARM.Collect$$libshutdown$$00000007)
    __rt_lib_shutdown_heap_1                 0x000002eb   Thumb Code     0  libshutdown2.o(.ARM.Collect$$libshutdown$$0000000F)
    __rt_lib_shutdown_return                 0x000002eb   Thumb Code     0  libshutdown2.o(.ARM.Collect$$libshutdown$$00000010)
    __rt_lib_shutdown_signal_1               0x000002eb   Thumb Code     0  libshutdown2.o(.ARM.Collect$$libshutdown$$0000000A)
    __rt_lib_shutdown_stdio_1                0x000002eb   Thumb Code     0  libshutdown2.o(.ARM.Collect$$libshutdown$$00000004)
    __rt_lib_shutdown_user_alloc_1           0x000002eb   Thumb Code     0  libshutdown2.o(.ARM.Collect$$libshutdown$$0000000C)
    __rt_entry                               0x000002ed   Thumb Code     0  __rtentry.o(.ARM.Collect$$rtentry$$00000000)
    __rt_entry_presh_1                       0x000002ed   Thumb Code     0  __rtentry2.o(.ARM.Collect$$rtentry$$00000002)
    __rt_entry_sh                            0x000002ed   Thumb Code     0  __rtentry4.o(.ARM.Collect$$rtentry$$00000004)
    __rt_entry_li                            0x000002f3   Thumb Code     0  __rtentry2.o(.ARM.Collect$$rtentry$$0000000A)
    __rt_entry_postsh_1                      0x000002f3   Thumb Code     0  __rtentry2.o(.ARM.Collect$$rtentry$$00000009)
    __rt_entry_main                          0x000002f7   Thumb Code     0  __rtentry2.o(.ARM.Collect$$rtentry$$0000000D)
    __rt_entry_postli_1                      0x000002f7   Thumb Code     0  __rtentry2.o(.ARM.Collect$$rtentry$$0000000C)
    __rt_exit                                0x000002ff   Thumb Code     0  rtexit.o(.ARM.Collect$$rtexit$$00000000)
    __rt_exit_ls                             0x00000301   Thumb Code     0  rtexit2.o(.ARM.Collect$$rtexit$$00000003)
    __rt_exit_prels_1                        0x00000301   Thumb Code     0  rtexit2.o(.ARM.Collect$$rtexit$$00000002)
    __rt_exit_exit                           0x00000305   Thumb Code     0  rtexit2.o(.ARM.Collect$$rtexit$$00000004)
    SVC_Handler                              0x0000030d   Thumb Code    28  port.o(.emb_text)
    __asm___6_port_c_39a90d8d__prvStartFirstTask 0x0000032d   Thumb Code    36  port.o(.emb_text)
    __asm___6_port_c_39a90d8d__prvEnableVFP  0x00000355   Thumb Code    16  port.o(.emb_text)
    PendSV_Handler                           0x00000369   Thumb Code    88  port.o(.emb_text)
    vPortGetIPSR                             0x000003c5   Thumb Code     6  port.o(.emb_text)
    Reset_Handler                            0x000003cd   Thumb Code     8  startup_tm4c123.o(.text)
    NMI_Handler                              0x000003d5   Thumb Code     2  startup_tm4c123.o(.text)
    HardFault_Handler                        0x000003d7   Thumb Code     2  startup_tm4c123.o(.text)
    MemManage_Handler                        0x000003d9   Thumb Code     2  startup_tm4c123.o(.text)
    BusFault_Handler                         0x000003db   Thumb Code     2  startup_tm4c123.o(.text)
    UsageFault_Handler                       0x000003dd   Thumb Code     2  startup_tm4c123.o(.text)
    DebugMon_Handler                         0x000003e1   Thumb Code     2  startup_tm4c123.o(.text)
    GPIOA_Handler                            0x000003e7   Thumb Code     2  startup_tm4c123.o(.text)
    GPIOC_Handler                            0x000003eb   Thumb Code     2  startup_tm4c123.o(.text)
    GPIOD_Handler                            0x000003ed   Thumb Code     2  startup_tm4c123.o(.text)
    GPIOE_Handler                            0x000003ef   Thumb Code     2  startup_tm4c123.o(.text)
    UART0_Handler                            0x000003f1   Thumb Code     2  startup_tm4c123.o(.text)
    UART1_Handler                            0x000003f3   Thumb Code     2  startup_tm4c123.o(.text)
    SSI0_Handler                             0x000003f5   Thumb Code     2  startup_tm4c123.o(.text)
    I2C0_Handler                             0x000003f7   Thumb Code     2  startup_tm4c123.o(.text)
    PMW0_FAULT_Handler                       0x000003f9   Thumb Code     2  startup_tm4c123.o(.text)
    PWM0_0_Handler                           0x000003fb   Thumb Code     2  startup_tm4c123.o(.text)
    PWM0_1_Handler                           0x000003fd   Thumb Code     2  startup_tm4c123.o(.text)
    PWM0_2_Handler                           0x000003ff   Thumb Code     2  startup_tm4c123.o(.text)
    QEI0_Handler                             0x00000401   Thumb Code     2  startup_tm4c123.o(.text)
    ADC0SS0_Handler                          0x00000403   Thumb Code     2  startup_tm4c123.o(.text)
    ADC0SS1_Handler                          0x00000405   Thumb Code     2  startup_tm4c123.o(.text)
    ADC0SS2_Handler                          0x00000407   Thumb Code     2  startup_tm4c123.o(.text)
    ADC0SS3_Handler                          0x00000409   Thumb Code     2  startup_tm4c123.o(.text)
    WDT0_Handler                             0x0000040b   Thumb Code     2  startup_tm4c123.o(.text)
    TIMER0A_Handler                          0x0000040d   Thumb Code     2  startup_tm4c123.o(.text)
    TIMER0B_Handler                          0x0000040f   Thumb Code     2  startup_tm4c123.o(.text)
    TIMER1A_Handler                          0x00000411   Thumb Code     2  startup_tm4c123.o(.text)
    TIMER1B_Handler                          0x00000413   Thumb Code     2  startup_tm4c123.o(.text)
    TIMER2A_Handler                          0x00000415   Thumb Code     2  startup_tm4c123.o(.text)
    TIMER2B_Handler                          0x00000417   Thumb Code     2  startup_tm4c123.o(.text)
    COMP0_Handler                            0x00000419   Thumb Code     2  startup_tm4c123.o(.text)
    COMP1_Handler                            0x0000041b   Thumb Code     2  startup_tm4c123.o(.text)
    COMP2_Handler                            0x0000041d   Thumb Code     2  startup_tm4c123.o(.text)
    SYSCTL_Handler                           0x0000041f   Thumb Code     2  startup_tm4c123.o(.text)
    FLASH_Handler                            0x00000421   Thumb Code     2  startup_tm4c123.o(.text)
    GPIOG_Handler                            0x00000425   Thumb Code     2  startup_tm4c123.o(.text)
    GPIOH_Handler                            0x00000427   Thumb Code     2  startup_tm4c123.o(.text)
    UART2_Handler                            0x00000429   Thumb Code     2  startup_tm4c123.o(.text)
    SSI1_Handler                             0x0000042b   Thumb Code     2  startup_tm4c123.o(.text)
    TIMER3A_Handler                          0x0000042d   Thumb Code     2  startup_tm4c123.o(.text)
    TIMER3B_Handler                          0x0000042f   Thumb Code     2  startup_tm4c123.o(.text)
    I2C1_Handler                             0x00000431   Thumb Code     2  startup_tm4c123.o(.text)
    QEI1_Handler                             0x00000433   Thumb Code     2  startup_tm4c123.o(.text)
    CAN0_Handler                             0x00000435   Thumb Code     2  startup_tm4c123.o(.text)
    CAN1_Handler                             0x00000437   Thumb Code     2  startup_tm4c123.o(.text)
    CAN2_Handler                             0x00000439   Thumb Code     2  startup_tm4c123.o(.text)
    HIB_Handler                              0x0000043b   Thumb Code     2  startup_tm4c123.o(.text)
    USB0_Handler                             0x0000043d   Thumb Code     2  startup_tm4c123.o(.text)
    PWM0_3_Handler                           0x0000043f   Thumb Code     2  startup_tm4c123.o(.text)
    UDMA_Handler                             0x00000441   Thumb Code     2  startup_tm4c123.o(.text)
    UDMAERR_Handler                          0x00000443   Thumb Code     2  startup_tm4c123.o(.text)
    ADC1SS0_Handler                          0x00000445   Thumb Code     2  startup_tm4c123.o(.text)
    ADC1SS1_Handler                          0x00000447   Thumb Code     2  startup_tm4c123.o(.text)
    ADC1SS2_Handler                          0x00000449   Thumb Code     2  startup_tm4c123.o(.text)
    ADC1SS3_Handler                          0x0000044b   Thumb Code     2  startup_tm4c123.o(.text)
    GPIOJ_Handler                            0x0000044d   Thumb Code     2  startup_tm4c123.o(.text)
    GPIOK_Handler                            0x0000044f   Thumb Code     2  startup_tm4c123.o(.text)
    GPIOL_Handler                            0x00000451   Thumb Code     2  startup_tm4c123.o(.text)
    SSI2_Handler                             0x00000453   Thumb Code     2  startup_tm4c123.o(.text)
    SSI3_Handler                             0x00000455   Thumb Code     2  startup_tm4c123.o(.text)
    UART3_Handler                            0x00000457   Thumb Code     2  startup_tm4c123.o(.text)
    UART4_Handler                            0x00000459   Thumb Code     2  startup_tm4c123.o(.text)
    UART5_Handler                            0x0000045b   Thumb Code     2  startup_tm4c123.o(.text)
    UART6_Handler                            0x0000045d   Thumb Code     2  startup_tm4c123.o(.text)
    UART7_Handler                            0x0000045f   Thumb Code     2  startup_tm4c123.o(.text)
    I2C2_Handler                             0x00000461   Thumb Code     2  startup_tm4c123.o(.text)
    I2C3_Handler                             0x00000463   Thumb Code     2  startup_tm4c123.o(.text)
    TIMER4A_Handler                          0x00000465   Thumb Code     2  startup_tm4c123.o(.text)
    TIMER4B_Handler                          0x00000467   Thumb Code     2  startup_tm4c123.o(.text)
    TIMER5A_Handler                          0x00000469   Thumb Code     2  startup_tm4c123.o(.text)
    TIMER5B_Handler                          0x0000046b   Thumb Code     2  startup_tm4c123.o(.text)
    WTIMER0A_Handler                         0x0000046d   Thumb Code     2  startup_tm4c123.o(.text)
    WTIMER0B_Handler                         0x0000046f   Thumb Code     2  startup_tm4c123.o(.text)
    WTIMER1A_Handler                         0x00000471   Thumb Code     2  startup_tm4c123.o(.text)
    WTIMER1B_Handler                         0x00000473   Thumb Code     2  startup_tm4c123.o(.text)
    WTIMER2A_Handler                         0x00000475   Thumb Code     2  startup_tm4c123.o(.text)
    WTIMER2B_Handler                         0x00000477   Thumb Code     2  startup_tm4c123.o(.text)
    WTIMER3A_Handler                         0x00000479   Thumb Code     2  startup_tm4c123.o(.text)
    WTIMER3B_Handler                         0x0000047b   Thumb Code     2  startup_tm4c123.o(.text)
    WTIMER4A_Handler                         0x0000047d   Thumb Code     2  startup_tm4c123.o(.text)
    WTIMER4B_Handler                         0x0000047f   Thumb Code     2  startup_tm4c123.o(.text)
    WTIMER5A_Handler                         0x00000481   Thumb Code     2  startup_tm4c123.o(.text)
    WTIMER5B_Handler                         0x00000483   Thumb Code     2  startup_tm4c123.o(.text)
    FPU_Handler                              0x00000485   Thumb Code     2  startup_tm4c123.o(.text)
    I2C4_Handler                             0x00000487   Thumb Code     2  startup_tm4c123.o(.text)
    I2C5_Handler                             0x00000489   Thumb Code     2  startup_tm4c123.o(.text)
    GPIOM_Handler                            0x0000048b   Thumb Code     2  startup_tm4c123.o(.text)
    GPION_Handler                            0x0000048d   Thumb Code     2  startup_tm4c123.o(.text)
    QEI2_Handler                             0x0000048f   Thumb Code     2  startup_tm4c123.o(.text)
    GPIOP0_Handler                           0x00000491   Thumb Code     2  startup_tm4c123.o(.text)
    GPIOP1_Handler                           0x00000493   Thumb Code     2  startup_tm4c123.o(.text)
    GPIOP2_Handler                           0x00000495   Thumb Code     2  startup_tm4c123.o(.text)
    GPIOP3_Handler                           0x00000497   Thumb Code     2  startup_tm4c123.o(.text)
    GPIOP4_Handler                           0x00000499   Thumb Code     2  startup_tm4c123.o(.text)
    GPIOP5_Handler                           0x0000049b   Thumb Code     2  startup_tm4c123.o(.text)
    GPIOP6_Handler                           0x0000049d   Thumb Code     2  startup_tm4c123.o(.text)
    GPIOP7_Handler                           0x0000049f   Thumb Code     2  startup_tm4c123.o(.text)
    GPIOQ0_Handler                           0x000004a1   Thumb Code     2  startup_tm4c123.o(.text)
    GPIOQ1_Handler                           0x000004a3   Thumb Code     2  startup_tm4c123.o(.text)
    GPIOQ2_Handler                           0x000004a5   Thumb Code     2  startup_tm4c123.o(.text)
    GPIOQ3_Handler                           0x000004a7   Thumb Code     2  startup_tm4c123.o(.text)
    GPIOQ4_Handler                           0x000004a9   Thumb Code     2  startup_tm4c123.o(.text)
    GPIOQ5_Handler                           0x000004ab   Thumb Code     2  startup_tm4c123.o(.text)
    GPIOQ6_Handler                           0x000004ad   Thumb Code     2  startup_tm4c123.o(.text)
    GPIOQ7_Handler                           0x000004af   Thumb Code     2  startup_tm4c123.o(.text)
    GPIOR_Handler                            0x000004b1   Thumb Code     2  startup_tm4c123.o(.text)
    GPIOS_Handler                            0x000004b3   Thumb Code     2  startup_tm4c123.o(.text)
    PMW1_0_Handler                           0x000004b5   Thumb Code     2  startup_tm4c123.o(.text)
    PWM1_1_Handler                           0x000004b7   Thumb Code     2  startup_tm4c123.o(.text)
    PWM1_2_Handler                           0x000004b9   Thumb Code     2  startup_tm4c123.o(.text)
    PWM1_3_Handler                           0x000004bb   Thumb Code     2  startup_tm4c123.o(.text)
    PWM1_FAULT_Handler                       0x000004bd   Thumb Code     2  startup_tm4c123.o(.text)
    __user_initial_stackheap                 0x000004c1   Thumb Code     0  startup_tm4c123.o(.text)
    __aeabi_memcpy                           0x000004e1   Thumb Code     0  rt_memcpy_v6.o(.text)
    __rt_memcpy                              0x000004e1   Thumb Code   138  rt_memcpy_v6.o(.text)
    _memcpy_lastbytes                        0x00000547   Thumb Code     0  rt_memcpy_v6.o(.text)
    __aeabi_memset                           0x0000056b   Thumb Code    16  aeabi_memset.o(.text)
    __aeabi_memclr                           0x0000057b   Thumb Code     0  rt_memclr.o(.text)
    __rt_memclr                              0x0000057b   Thumb Code    68  rt_memclr.o(.text)
    _memset                                  0x0000057f   Thumb Code     0  rt_memclr.o(.text)
    __aeabi_memclr4                          0x000005bf   Thumb Code     0  rt_memclr_w.o(.text)
    __aeabi_memclr8                          0x000005bf   Thumb Code     0  rt_memclr_w.o(.text)
    __rt_memclr_w                            0x000005bf   Thumb Code    78  rt_memclr_w.o(.text)
    _memset_w                                0x000005c3   Thumb Code     0  rt_memclr_w.o(.text)
    __use_two_region_memory                  0x0000060d   Thumb Code     2  heapauxi.o(.text)
    __rt_heap_escrow$2region                 0x0000060f   Thumb Code     2  heapauxi.o(.text)
    __rt_heap_expand$2region                 0x00000611   Thumb Code     2  heapauxi.o(.text)
    __aeabi_memcpy4                          0x00000613   Thumb Code     0  rt_memcpy_w.o(.text)
    __aeabi_memcpy8                          0x00000613   Thumb Code     0  rt_memcpy_w.o(.text)
    __rt_memcpy_w                            0x00000613   Thumb Code   100  rt_memcpy_w.o(.text)
    _memcpy_lastbytes_aligned                0x0000065b   Thumb Code     0  rt_memcpy_w.o(.text)
    __user_setup_stackheap                   0x00000677   Thumb Code    74  sys_stackheap_outer.o(.text)
    exit                                     0x000006c1   Thumb Code    18  exit.o(.text)
    __user_libspace                          0x000006d5   Thumb Code     8  libspace.o(.text)
    __user_perproc_libspace                  0x000006d5   Thumb Code     0  libspace.o(.text)
    __user_perthread_libspace                0x000006d5   Thumb Code     0  libspace.o(.text)
    _sys_exit                                0x000006dd   Thumb Code     8  sys_exit.o(.text)
    __I$use$semihosting                      0x000006e9   Thumb Code     0  use_no_semi.o(.text)
    __use_no_semihosting_swi                 0x000006e9   Thumb Code     2  use_no_semi.o(.text)
    __semihosting_library_function           0x000006eb   Thumb Code     0  indicate_semi.o(.text)
    ChangePermission                         0x000006ed   Thumb Code    62  main.o(i.ChangePermission)
    GPIOB_Handler                            0x00000739   Thumb Code   414  main.o(i.GPIOB_Handler)
    GPIOF_Handler                            0x000008ed   Thumb Code   136  main.o(i.GPIOF_Handler)
    PortF_Init                               0x0000098d   Thumb Code   138  main.o(i.PortF_Init)
    SysTick_Handler                          0x00000a29   Thumb Code    46  port.o(i.SysTick_Handler)
    SystemInit                               0x00000a5d   Thumb Code   112  system_tm4c123.o(i.SystemInit)
    eTaskConfirmSleepModeStatus              0x00000b19   Thumb Code    52  tasks.o(i.eTaskConfirmSleepModeStatus)
    main                                     0x00000b61   Thumb Code   200  main.o(i.main)
    passenger                                0x00000c61   Thumb Code    78  main.o(i.passenger)
    pvPortMalloc                             0x00001485   Thumb Code   280  heap_4.o(i.pvPortMalloc)
    pvTaskIncrementMutexHeldCount            0x000015b1   Thumb Code    26  tasks.o(i.pvTaskIncrementMutexHeldCount)
    pxPortInitialiseStack                    0x000015d1   Thumb Code    38  port.o(i.pxPortInitialiseStack)
    uxListRemove                             0x000015fd   Thumb Code    40  list.o(i.uxListRemove)
    uxTaskGetNumberOfTasks                   0x00001625   Thumb Code     6  tasks.o(i.uxTaskGetNumberOfTasks)
    vListInitialise                          0x00001631   Thumb Code    26  list.o(i.vListInitialise)
    vListInitialiseItem                      0x0000164b   Thumb Code     6  list.o(i.vListInitialiseItem)
    vListInsert                              0x00001651   Thumb Code    52  list.o(i.vListInsert)
    vPortEnterCritical                       0x00001685   Thumb Code    76  port.o(i.vPortEnterCritical)
    vPortExitCritical                        0x000016d9   Thumb Code    56  port.o(i.vPortExitCritical)
    vPortFree                                0x00001715   Thumb Code   132  heap_4.o(i.vPortFree)
    vPortSetupTimerInterrupt                 0x000017a1   Thumb Code    86  port.o(i.vPortSetupTimerInterrupt)
    vPortSuppressTicksAndSleep               0x00001809   Thumb Code   306  port.o(i.vPortSuppressTicksAndSleep)
    vPortValidateInterruptPriority           0x0000194d   Thumb Code   106  port.o(i.vPortValidateInterruptPriority)
    vTaskInternalSetTimeOutState             0x000019c5   Thumb Code    14  tasks.o(i.vTaskInternalSetTimeOutState)
    vTaskMissedYield                         0x000019dd   Thumb Code     8  tasks.o(i.vTaskMissedYield)
    vTaskPlaceOnEventList                    0x000019e9   Thumb Code    52  tasks.o(i.vTaskPlaceOnEventList)
    vTaskPriorityDisinheritAfterTimeout      0x00001a21   Thumb Code   268  tasks.o(i.vTaskPriorityDisinheritAfterTimeout)
    vTaskStartScheduler                      0x00001b39   Thumb Code   114  tasks.o(i.vTaskStartScheduler)
    vTaskStepTick                            0x00001bcd   Thumb Code   154  tasks.o(i.vTaskStepTick)
    vTaskSuspendAll                          0x00001c79   Thumb Code    12  tasks.o(i.vTaskSuspendAll)
    vTaskSwitchContext                       0x00001c89   Thumb Code   118  tasks.o(i.vTaskSwitchContext)
    xPortStartScheduler                      0x00001d15   Thumb Code   372  port.o(i.xPortStartScheduler)
    xQueueGenericCreate                      0x00001ea5   Thumb Code   102  queue.o(i.xQueueGenericCreate)
    xQueueGenericReset                       0x00001f0d   Thumb Code   214  queue.o(i.xQueueGenericReset)
    xQueueGenericSend                        0x00001fe9   Thumb Code   466  queue.o(i.xQueueGenericSend)
    xQueueGenericSendFromISR                 0x000021c1   Thumb Code   324  queue.o(i.xQueueGenericSendFromISR)
    xQueueGiveFromISR                        0x00002305   Thumb Code   286  queue.o(i.xQueueGiveFromISR)
    xQueueReceive                            0x00002425   Thumb Code   356  queue.o(i.xQueueReceive)
    xQueueSemaphoreTake                      0x0000258d   Thumb Code   398  queue.o(i.xQueueSemaphoreTake)
    xTaskCheckForTimeOut                     0x00002721   Thumb Code   160  tasks.o(i.xTaskCheckForTimeOut)
    xTaskCreate                              0x000027cd   Thumb Code   104  tasks.o(i.xTaskCreate)
    xTaskGetSchedulerState                   0x00002835   Thumb Code    24  tasks.o(i.xTaskGetSchedulerState)
    xTaskIncrementTick                       0x00002855   Thumb Code   398  tasks.o(i.xTaskIncrementTick)
    xTaskPriorityDisinherit                  0x00002a11   Thumb Code   226  tasks.o(i.xTaskPriorityDisinherit)
    xTaskPriorityInherit                     0x00002b01   Thumb Code   224  tasks.o(i.xTaskPriorityInherit)
    xTaskRemoveFromEventList                 0x00002bed   Thumb Code   268  tasks.o(i.xTaskRemoveFromEventList)
    xTaskResumeAll                           0x00002d11   Thumb Code   338  tasks.o(i.xTaskResumeAll)
    _fp_init                                 0x00002e89   Thumb Code    10  fpinit.o(x$fpl$fpinit)
    __fplib_config_fpu_vfp                   0x00002e91   Thumb Code     0  fpinit.o(x$fpl$fpinit)
    __fplib_config_pureend_doubles           0x00002e91   Thumb Code     0  fpinit.o(x$fpl$fpinit)
    Region$$Table$$Base                      0x00002e94   Number         0  anon$$obj.o(Region$$Table)
    Region$$Table$$Limit                     0x00002eb4   Number         0  anon$$obj.o(Region$$Table)
    driverSemaphore                          0x20000000   Data           4  main.o(.data)
    passengerSemaphore                       0x20000004   Data           4  main.o(.data)
    PermissionSemaphore                      0x20000008   Data           4  main.o(.data)
    xQueue                                   0x2000000c   Data           4  main.o(.data)
    xstatus                                  0x20000010   Data           4  main.o(.data)
    PassengerLocked                          0x20000014   Data           4  main.o(.data)
    SystemCoreClock                          0x20000018   Data           4  system_tm4c123.o(.data)
    pxCurrentTCB                             0x20000038   Data           4  tasks.o(.data)
    uxTopUsedPriority                        0x20000070   Data           4  tasks.o(.data)
    __libspace_start                         0x20002158   Data          96  libspace.o(.bss)
    __temporary_stack_top$libspace           0x200021b8   Data           0  libspace.o(.bss)



==============================================================================

Memory Map of the image

  Image Entry point : 0x000003cd

  Load Region LR_1 (Base: 0x00000000, Size: 0x00002f44, Max: 0xffffffff, ABSOLUTE)

    Execution Region ER_RO (Exec base: 0x00000000, Load base: 0x00000000, Size: 0x00002eb4, Max: 0xffffffff, ABSOLUTE)

    Exec Addr    Load Addr    Size         Type   Attr      Idx    E Section Name        Object

    0x00000000   0x00000000   0x0000026c   Data   RO          198    RESET               startup_tm4c123.o
    0x0000026c   0x0000026c   0x00000008   Code   RO         1228  * !!!main             c_w.l(__main.o)
    0x00000274   0x00000274   0x00000034   Code   RO         1387    !!!scatter          c_w.l(__scatter.o)
    0x000002a8   0x000002a8   0x0000001a   Code   RO         1389    !!handler_copy      c_w.l(__scatter_copy.o)
    0x000002c2   0x000002c2   0x00000002   PAD
    0x000002c4   0x000002c4   0x0000001c   Code   RO         1391    !!handler_zi        c_w.l(__scatter_zi.o)
    0x000002e0   0x000002e0   0x00000002   Code   RO         1257    .ARM.Collect$$libinit$$00000000  c_w.l(libinit.o)
    0x000002e2   0x000002e2   0x00000004   Code   RO         1263    .ARM.Collect$$libinit$$00000001  c_w.l(libinit2.o)
    0x000002e6   0x000002e6   0x00000000   Code   RO         1266    .ARM.Collect$$libinit$$00000004  c_w.l(libinit2.o)
    0x000002e6   0x000002e6   0x00000000   Code   RO         1269    .ARM.Collect$$libinit$$0000000A  c_w.l(libinit2.o)
    0x000002e6   0x000002e6   0x00000000   Code   RO         1271    .ARM.Collect$$libinit$$0000000C  c_w.l(libinit2.o)
    0x000002e6   0x000002e6   0x00000000   Code   RO         1273    .ARM.Collect$$libinit$$0000000E  c_w.l(libinit2.o)
    0x000002e6   0x000002e6   0x00000000   Code   RO         1276    .ARM.Collect$$libinit$$00000011  c_w.l(libinit2.o)
    0x000002e6   0x000002e6   0x00000000   Code   RO         1278    .ARM.Collect$$libinit$$00000013  c_w.l(libinit2.o)
    0x000002e6   0x000002e6   0x00000000   Code   RO         1280    .ARM.Collect$$libinit$$00000015  c_w.l(libinit2.o)
    0x000002e6   0x000002e6   0x00000000   Code   RO         1282    .ARM.Collect$$libinit$$00000017  c_w.l(libinit2.o)
    0x000002e6   0x000002e6   0x00000000   Code   RO         1284    .ARM.Collect$$libinit$$00000019  c_w.l(libinit2.o)
    0x000002e6   0x000002e6   0x00000000   Code   RO         1286    .ARM.Collect$$libinit$$0000001B  c_w.l(libinit2.o)
    0x000002e6   0x000002e6   0x00000000   Code   RO         1288    .ARM.Collect$$libinit$$0000001D  c_w.l(libinit2.o)
    0x000002e6   0x000002e6   0x00000000   Code   RO         1290    .ARM.Collect$$libinit$$0000001F  c_w.l(libinit2.o)
    0x000002e6   0x000002e6   0x00000000   Code   RO         1292    .ARM.Collect$$libinit$$00000021  c_w.l(libinit2.o)
    0x000002e6   0x000002e6   0x00000000   Code   RO         1294    .ARM.Collect$$libinit$$00000023  c_w.l(libinit2.o)
    0x000002e6   0x000002e6   0x00000000   Code   RO         1296    .ARM.Collect$$libinit$$00000025  c_w.l(libinit2.o)
    0x000002e6   0x000002e6   0x00000000   Code   RO         1300    .ARM.Collect$$libinit$$0000002C  c_w.l(libinit2.o)
    0x000002e6   0x000002e6   0x00000000   Code   RO         1302    .ARM.Collect$$libinit$$0000002E  c_w.l(libinit2.o)
    0x000002e6   0x000002e6   0x00000000   Code   RO         1304    .ARM.Collect$$libinit$$00000030  c_w.l(libinit2.o)
    0x000002e6   0x000002e6   0x00000000   Code   RO         1306    .ARM.Collect$$libinit$$00000032  c_w.l(libinit2.o)
    0x000002e6   0x000002e6   0x00000002   Code   RO         1307    .ARM.Collect$$libinit$$00000033  c_w.l(libinit2.o)
    0x000002e8   0x000002e8   0x00000002   Code   RO         1327    .ARM.Collect$$libshutdown$$00000000  c_w.l(libshutdown.o)
    0x000002ea   0x000002ea   0x00000000   Code   RO         1340    .ARM.Collect$$libshutdown$$00000002  c_w.l(libshutdown2.o)
    0x000002ea   0x000002ea   0x00000000   Code   RO         1342    .ARM.Collect$$libshutdown$$00000004  c_w.l(libshutdown2.o)
    0x000002ea   0x000002ea   0x00000000   Code   RO         1345    .ARM.Collect$$libshutdown$$00000007  c_w.l(libshutdown2.o)
    0x000002ea   0x000002ea   0x00000000   Code   RO         1348    .ARM.Collect$$libshutdown$$0000000A  c_w.l(libshutdown2.o)
    0x000002ea   0x000002ea   0x00000000   Code   RO         1350    .ARM.Collect$$libshutdown$$0000000C  c_w.l(libshutdown2.o)
    0x000002ea   0x000002ea   0x00000000   Code   RO         1353    .ARM.Collect$$libshutdown$$0000000F  c_w.l(libshutdown2.o)
    0x000002ea   0x000002ea   0x00000002   Code   RO         1354    .ARM.Collect$$libshutdown$$00000010  c_w.l(libshutdown2.o)
    0x000002ec   0x000002ec   0x00000000   Code   RO         1230    .ARM.Collect$$rtentry$$00000000  c_w.l(__rtentry.o)
    0x000002ec   0x000002ec   0x00000000   Code   RO         1234    .ARM.Collect$$rtentry$$00000002  c_w.l(__rtentry2.o)
    0x000002ec   0x000002ec   0x00000006   Code   RO         1246    .ARM.Collect$$rtentry$$00000004  c_w.l(__rtentry4.o)
    0x000002f2   0x000002f2   0x00000000   Code   RO         1236    .ARM.Collect$$rtentry$$00000009  c_w.l(__rtentry2.o)
    0x000002f2   0x000002f2   0x00000004   Code   RO         1237    .ARM.Collect$$rtentry$$0000000A  c_w.l(__rtentry2.o)
    0x000002f6   0x000002f6   0x00000000   Code   RO         1239    .ARM.Collect$$rtentry$$0000000C  c_w.l(__rtentry2.o)
    0x000002f6   0x000002f6   0x00000008   Code   RO         1240    .ARM.Collect$$rtentry$$0000000D  c_w.l(__rtentry2.o)
    0x000002fe   0x000002fe   0x00000002   Code   RO         1261    .ARM.Collect$$rtexit$$00000000  c_w.l(rtexit.o)
    0x00000300   0x00000300   0x00000000   Code   RO         1309    .ARM.Collect$$rtexit$$00000002  c_w.l(rtexit2.o)
    0x00000300   0x00000300   0x00000004   Code   RO         1310    .ARM.Collect$$rtexit$$00000003  c_w.l(rtexit2.o)
    0x00000304   0x00000304   0x00000006   Code   RO         1311    .ARM.Collect$$rtexit$$00000004  c_w.l(rtexit2.o)
    0x0000030a   0x0000030a   0x00000002   PAD
    0x0000030c   0x0000030c   0x000000be   Code   RO         1122    .emb_text           port.o
    0x000003ca   0x000003ca   0x00000002   PAD
    0x000003cc   0x000003cc   0x00000114   Code   RO          199  * .text               startup_tm4c123.o
    0x000004e0   0x000004e0   0x0000008a   Code   RO         1218    .text               c_w.l(rt_memcpy_v6.o)
    0x0000056a   0x0000056a   0x00000010   Code   RO         1220    .text               c_w.l(aeabi_memset.o)
    0x0000057a   0x0000057a   0x00000044   Code   RO         1222    .text               c_w.l(rt_memclr.o)
    0x000005be   0x000005be   0x0000004e   Code   RO         1224    .text               c_w.l(rt_memclr_w.o)
    0x0000060c   0x0000060c   0x00000006   Code   RO         1226    .text               c_w.l(heapauxi.o)
    0x00000612   0x00000612   0x00000064   Code   RO         1231    .text               c_w.l(rt_memcpy_w.o)
    0x00000676   0x00000676   0x0000004a   Code   RO         1248    .text               c_w.l(sys_stackheap_outer.o)
    0x000006c0   0x000006c0   0x00000012   Code   RO         1250    .text               c_w.l(exit.o)
    0x000006d2   0x000006d2   0x00000002   PAD
    0x000006d4   0x000006d4   0x00000008   Code   RO         1258    .text               c_w.l(libspace.o)
    0x000006dc   0x000006dc   0x0000000c   Code   RO         1319    .text               c_w.l(sys_exit.o)
    0x000006e8   0x000006e8   0x00000002   Code   RO         1330    .text               c_w.l(use_no_semi.o)
    0x000006ea   0x000006ea   0x00000000   Code   RO         1332    .text               c_w.l(indicate_semi.o)
    0x000006ea   0x000006ea   0x00000002   PAD
    0x000006ec   0x000006ec   0x0000004c   Code   RO            4    i.ChangePermission  main.o
    0x00000738   0x00000738   0x000001b4   Code   RO            5    i.GPIOB_Handler     main.o
    0x000008ec   0x000008ec   0x000000a0   Code   RO            6    i.GPIOF_Handler     main.o
    0x0000098c   0x0000098c   0x0000009c   Code   RO            9    i.PortF_Init        main.o
    0x00000a28   0x00000a28   0x00000034   Code   RO         1123    i.SysTick_Handler   port.o
    0x00000a5c   0x00000a5c   0x00000098   Code   RO          207    i.SystemInit        system_tm4c123.o
    0x00000af4   0x00000af4   0x00000022   Code   RO           10    i.__NVIC_EnableIRQ  main.o
    0x00000b16   0x00000b16   0x00000002   PAD
    0x00000b18   0x00000b18   0x00000048   Code   RO          699    i.eTaskConfirmSleepModeStatus  tasks.o
    0x00000b60   0x00000b60   0x00000100   Code   RO           12    i.main              main.o
    0x00000c60   0x00000c60   0x00000060   Code   RO           13    i.passenger         main.o
    0x00000cc0   0x00000cc0   0x000000cc   Code   RO          702    i.prvAddCurrentTaskToDelayedList  tasks.o
    0x00000d8c   0x00000d8c   0x000000ec   Code   RO          703    i.prvAddNewTaskToReadyList  tasks.o
    0x00000e78   0x00000e78   0x00000048   Code   RO          704    i.prvCheckTasksWaitingTermination  tasks.o
    0x00000ec0   0x00000ec0   0x0000002a   Code   RO          441    i.prvCopyDataFromQueue  queue.o
    0x00000eea   0x00000eea   0x0000007e   Code   RO          442    i.prvCopyDataToQueue  queue.o
    0x00000f68   0x00000f68   0x00000012   Code   RO          705    i.prvDeleteTCB      tasks.o
    0x00000f7a   0x00000f7a   0x00000014   Code   RO          443    i.prvGetDisinheritPriorityAfterTimeout  queue.o
    0x00000f8e   0x00000f8e   0x00000002   PAD
    0x00000f90   0x00000f90   0x0000004c   Code   RO          706    i.prvGetExpectedIdleTime  tasks.o
    0x00000fdc   0x00000fdc   0x00000070   Code   RO          356    i.prvHeapInit       heap_4.o
    0x0000104c   0x0000104c   0x0000007c   Code   RO          707    i.prvIdleTask       tasks.o
    0x000010c8   0x000010c8   0x0000002e   Code   RO          445    i.prvInitialiseNewQueue  queue.o
    0x000010f6   0x000010f6   0x000000cc   Code   RO          708    i.prvInitialiseNewTask  tasks.o
    0x000011c2   0x000011c2   0x00000002   PAD
    0x000011c4   0x000011c4   0x00000068   Code   RO          709    i.prvInitialiseTaskLists  tasks.o
    0x0000122c   0x0000122c   0x00000068   Code   RO          357    i.prvInsertBlockIntoFreeList  heap_4.o
    0x00001294   0x00001294   0x0000001a   Code   RO          446    i.prvIsQueueEmpty   queue.o
    0x000012ae   0x000012ae   0x0000001e   Code   RO          447    i.prvIsQueueFull    queue.o
    0x000012cc   0x000012cc   0x000000b8   Code   RO          448    i.prvNotifyQueueSetContainer  queue.o
    0x00001384   0x00001384   0x00000030   Code   RO          711    i.prvResetNextTaskUnblockTime  tasks.o
    0x000013b4   0x000013b4   0x00000040   Code   RO         1124    i.prvTaskExitError  port.o
    0x000013f4   0x000013f4   0x00000090   Code   RO          449    i.prvUnlockQueue    queue.o
    0x00001484   0x00001484   0x0000012c   Code   RO          359    i.pvPortMalloc      heap_4.o
    0x000015b0   0x000015b0   0x00000020   Code   RO          715    i.pvTaskIncrementMutexHeldCount  tasks.o
    0x000015d0   0x000015d0   0x0000002c   Code   RO         1125    i.pxPortInitialiseStack  port.o
    0x000015fc   0x000015fc   0x00000028   Code   RO          293    i.uxListRemove      list.o
    0x00001624   0x00001624   0x0000000c   Code   RO          718    i.uxTaskGetNumberOfTasks  tasks.o
    0x00001630   0x00001630   0x0000001a   Code   RO          294    i.vListInitialise   list.o
    0x0000164a   0x0000164a   0x00000006   Code   RO          295    i.vListInitialiseItem  list.o
    0x00001650   0x00001650   0x00000034   Code   RO          296    i.vListInsert       list.o
    0x00001684   0x00001684   0x00000054   Code   RO         1127    i.vPortEnterCritical  port.o
    0x000016d8   0x000016d8   0x0000003c   Code   RO         1128    i.vPortExitCritical  port.o
    0x00001714   0x00001714   0x0000008c   Code   RO          360    i.vPortFree         heap_4.o
    0x000017a0   0x000017a0   0x00000068   Code   RO         1129    i.vPortSetupTimerInterrupt  port.o
    0x00001808   0x00001808   0x00000144   Code   RO         1130    i.vPortSuppressTicksAndSleep  port.o
    0x0000194c   0x0000194c   0x00000078   Code   RO         1131    i.vPortValidateInterruptPriority  port.o
    0x000019c4   0x000019c4   0x00000018   Code   RO          731    i.vTaskInternalSetTimeOutState  tasks.o
    0x000019dc   0x000019dc   0x0000000c   Code   RO          732    i.vTaskMissedYield  tasks.o
    0x000019e8   0x000019e8   0x00000038   Code   RO          733    i.vTaskPlaceOnEventList  tasks.o
    0x00001a20   0x00001a20   0x00000118   Code   RO          735    i.vTaskPriorityDisinheritAfterTimeout  tasks.o
    0x00001b38   0x00001b38   0x00000094   Code   RO          741    i.vTaskStartScheduler  tasks.o
    0x00001bcc   0x00001bcc   0x000000ac   Code   RO          742    i.vTaskStepTick     tasks.o
    0x00001c78   0x00001c78   0x00000010   Code   RO          744    i.vTaskSuspendAll   tasks.o
    0x00001c88   0x00001c88   0x0000008c   Code   RO          745    i.vTaskSwitchContext  tasks.o
    0x00001d14   0x00001d14   0x00000190   Code   RO         1132    i.xPortStartScheduler  port.o
    0x00001ea4   0x00001ea4   0x00000066   Code   RO          461    i.xQueueGenericCreate  queue.o
    0x00001f0a   0x00001f0a   0x00000002   PAD
    0x00001f0c   0x00001f0c   0x000000dc   Code   RO          462    i.xQueueGenericReset  queue.o
    0x00001fe8   0x00001fe8   0x000001d8   Code   RO          463    i.xQueueGenericSend  queue.o
    0x000021c0   0x000021c0   0x00000144   Code   RO          464    i.xQueueGenericSendFromISR  queue.o
    0x00002304   0x00002304   0x0000011e   Code   RO          467    i.xQueueGiveFromISR  queue.o
    0x00002422   0x00002422   0x00000002   PAD
    0x00002424   0x00002424   0x00000168   Code   RO          473    i.xQueueReceive     queue.o
    0x0000258c   0x0000258c   0x00000194   Code   RO          478    i.xQueueSemaphoreTake  queue.o
    0x00002720   0x00002720   0x000000ac   Code   RO          748    i.xTaskCheckForTimeOut  tasks.o
    0x000027cc   0x000027cc   0x00000068   Code   RO          749    i.xTaskCreate       tasks.o
    0x00002834   0x00002834   0x00000020   Code   RO          758    i.xTaskGetSchedulerState  tasks.o
    0x00002854   0x00002854   0x000001bc   Code   RO          761    i.xTaskIncrementTick  tasks.o
    0x00002a10   0x00002a10   0x000000f0   Code   RO          762    i.xTaskPriorityDisinherit  tasks.o
    0x00002b00   0x00002b00   0x000000ec   Code   RO          763    i.xTaskPriorityInherit  tasks.o
    0x00002bec   0x00002bec   0x00000124   Code   RO          764    i.xTaskRemoveFromEventList  tasks.o
    0x00002d10   0x00002d10   0x00000178   Code   RO          765    i.xTaskResumeAll    tasks.o
    0x00002e88   0x00002e88   0x0000000a   Code   RO         1317    x$fpl$fpinit        fz_wm.l(fpinit.o)
    0x00002e92   0x00002e92   0x00000002   PAD
    0x00002e94   0x00002e94   0x00000020   Data   RO         1385    Region$$Table       anon$$obj.o


    Execution Region ER_RW (Exec base: 0x20000000, Load base: 0x00002eb4, Size: 0x00000090, Max: 0xffffffff, ABSOLUTE)

    Exec Addr    Load Addr    Size         Type   Attr      Idx    E Section Name        Object

    0x20000000   0x00002eb4   0x00000018   Data   RW           15    .data               main.o
    0x20000018   0x00002ecc   0x00000004   Data   RW          209    .data               system_tm4c123.o
    0x2000001c   0x00002ed0   0x0000001c   Data   RW          366    .data               heap_4.o
    0x20000038   0x00002eec   0x00000040   Data   RW          768    .data               tasks.o
    0x20000078   0x00002f2c   0x00000018   Data   RW         1133    .data               port.o


    Execution Region ER_ZI (Exec base: 0x20000090, Load base: 0x00002f44, Size: 0x00002328, Max: 0xffffffff, ABSOLUTE)

    Exec Addr    Load Addr    Size         Type   Attr      Idx    E Section Name        Object

    0x20000090        -       0x00002000   Zero   RW          365    .bss                heap_4.o
    0x20002090        -       0x000000c8   Zero   RW          767    .bss                tasks.o
    0x20002158        -       0x00000060   Zero   RW         1259    .bss                c_w.l(libspace.o)
    0x200021b8        -       0x00000000   Zero   RW          197    HEAP                startup_tm4c123.o
    0x200021b8        -       0x00000200   Zero   RW          196    STACK               startup_tm4c123.o


==============================================================================

Image component sizes


      Code (inc. data)   RO Data    RW Data    ZI Data      Debug   Object Name

       656         58          0         28       8192       8415   heap_4.o
       124          0          0          0          0       5821   list.o
      1214        152          0         24          0      44179   main.o
      1442        122          0         24          0      14610   port.o
      2786         22          0          0          0      33796   queue.o
       276         24        620          0        512       5464   startup_tm4c123.o
       152         40          0          4          0        863   system_tm4c123.o
      3946        444          0         64        200      34249   tasks.o

    ----------------------------------------------------------------------
     10608        862        652        144       8904     147397   Object Totals
         0          0         32          0          0          0   (incl. Generated)
        12          0          0          0          0          0   (incl. Padding)

    ----------------------------------------------------------------------

      Code (inc. data)   RO Data    RW Data    ZI Data      Debug   Library Member Name

         8          0          0          0          0         68   __main.o
         0          0          0          0          0          0   __rtentry.o
        12          0          0          0          0          0   __rtentry2.o
         6          0          0          0          0          0   __rtentry4.o
        52          8          0          0          0          0   __scatter.o
        26          0          0          0          0          0   __scatter_copy.o
        28          0          0          0          0          0   __scatter_zi.o
        16          0          0          0          0         68   aeabi_memset.o
        18          0          0          0          0         80   exit.o
         6          0          0          0          0        152   heapauxi.o
         0          0          0          0          0          0   indicate_semi.o
         2          0          0          0          0          0   libinit.o
         6          0          0          0          0          0   libinit2.o
         2          0          0          0          0          0   libshutdown.o
         2          0          0          0          0          0   libshutdown2.o
         8          4          0          0         96         68   libspace.o
        68          0          0          0          0         68   rt_memclr.o
        78          0          0          0          0         80   rt_memclr_w.o
       138          0          0          0          0         68   rt_memcpy_v6.o
       100          0          0          0          0         80   rt_memcpy_w.o
         2          0          0          0          0          0   rtexit.o
        10          0          0          0          0          0   rtexit2.o
        12          4          0          0          0         68   sys_exit.o
        74          0          0          0          0         80   sys_stackheap_outer.o
         2          0          0          0          0         68   use_no_semi.o
        10          0          0          0          0        116   fpinit.o

    ----------------------------------------------------------------------
       696         16          0          0         96       1064   Library Totals
        10          0          0          0          0          0   (incl. Padding)

    ----------------------------------------------------------------------

      Code (inc. data)   RO Data    RW Data    ZI Data      Debug   Library Name

       676         16          0          0         96        948   c_w.l
        10          0          0          0          0        116   fz_wm.l

    ----------------------------------------------------------------------
       696         16          0          0         96       1064   Library Totals

    ----------------------------------------------------------------------

==============================================================================


      Code (inc. data)   RO Data    RW Data    ZI Data      Debug   

     11304        878        652        144       9000     141645   Grand Totals
     11304        878        652        144       9000     141645   ELF Image Totals
     11304        878        652        144          0          0   ROM Totals

==============================================================================

    Total RO  Size (Code + RO Data)                11956 (  11.68kB)
    Total RW  Size (RW Data + ZI Data)              9144 (   8.93kB)
    Total ROM Size (Code + RO Data + RW Data)      12100 (  11.82kB)

==============================================================================

